Archive member included to satisfy reference by file (symbol)

/Users/flo/Programming/workspace-eclipse/ESP32_Robot/build/cxx/libcxx.a(cxx_exception_stubs.o)
                              (__cxx_fatal_exception)
/Users/flo/Programming/workspace-eclipse/ESP32_Robot/build/cxx/libcxx.a(cxx_guards.o)
                              (__cxa_guard_dummy)
/Users/flo/Programming/workspace-eclipse/ESP32_Robot/build/esp32/libesp32.a(cpu_start.o)
                              (call_start_cpu0)
/Users/flo/Programming/workspace-eclipse/ESP32_Robot/build/esp32/libesp32.a(crosscore_int.o)
                              /Users/flo/Programming/workspace-eclipse/ESP32_Robot/build/esp32/libesp32.a(cpu_start.o) (esp_crosscore_int_init)
/Users/flo/Programming/workspace-eclipse/ESP32_Robot/build/esp32/libesp32.a(dbg_stubs.o)
                              /Users/flo/Programming/workspace-eclipse/ESP32_Robot/build/esp32/libesp32.a(cpu_start.o) (esp_dbg_stubs_init)
/Users/flo/Programming/workspace-eclipse/ESP32_Robot/build/esp32/libesp32.a(dport_access.o)
                              /Users/flo/Programming/workspace-eclipse/ESP32_Robot/build/esp32/libesp32.a(cpu_start.o) (esp_dport_access_stall_other_cpu_start)
/Users/flo/Programming/workspace-eclipse/ESP32_Robot/build/esp32/libesp32.a(esp_timer.o)
                              /Users/flo/Programming/workspace-eclipse/ESP32_Robot/build/esp32/libesp32.a(cpu_start.o) (esp_timer_init)
/Users/flo/Programming/workspace-eclipse/ESP32_Robot/build/esp32/libesp32.a(esp_timer_esp32.o)
                              /Users/flo/Programming/workspace-eclipse/ESP32_Robot/build/esp32/libesp32.a(esp_timer.o) (esp_timer_impl_get_time)
/Users/flo/Programming/workspace-eclipse/ESP32_Robot/build/esp32/libesp32.a(int_wdt.o)
                              /Users/flo/Programming/workspace-eclipse/ESP32_Robot/build/esp32/libesp32.a(cpu_start.o) (esp_int_wdt_init)
/Users/flo/Programming/workspace-eclipse/ESP32_Robot/build/esp32/libesp32.a(intr_alloc.o)
                              /Users/flo/Programming/workspace-eclipse/ESP32_Robot/build/esp32/libesp32.a(esp_timer_esp32.o) (esp_intr_enable)
/Users/flo/Programming/workspace-eclipse/ESP32_Robot/build/esp32/libesp32.a(ipc.o)
                              /Users/flo/Programming/workspace-eclipse/ESP32_Robot/build/esp32/libesp32.a(cpu_start.o) (esp_ipc_init)
/Users/flo/Programming/workspace-eclipse/ESP32_Robot/build/esp32/libesp32.a(panic.o)
                              /Users/flo/Programming/workspace-eclipse/ESP32_Robot/build/cxx/libcxx.a(cxx_exception_stubs.o) (abort)
/Users/flo/Programming/workspace-eclipse/ESP32_Robot/build/esp32/libesp32.a(system_api.o)
                              /Users/flo/Programming/workspace-eclipse/ESP32_Robot/build/esp32/libesp32.a(panic.o) (esp_restart_noos)
/Users/flo/Programming/workspace-eclipse/ESP32_Robot/build/esp32/libesp32.a(task_wdt.o)
                              /Users/flo/Programming/workspace-eclipse/ESP32_Robot/build/esp32/libesp32.a(cpu_start.o) (esp_task_wdt_init)
/Users/flo/Programming/workspace-eclipse/ESP32_Robot/build/esp32/libesp32.a(dport_panic_highint_hdl.o)
                              (ld_include_panic_highint_hdl)
/Users/flo/Programming/workspace-eclipse/ESP32_Robot/build/esp32/libesp32.a(brownout.o)
                              /Users/flo/Programming/workspace-eclipse/ESP32_Robot/build/esp32/libesp32.a(cpu_start.o) (esp_brownout_init)
/Users/flo/Programming/workspace-eclipse/ESP32_Robot/build/esp32/libesp32.a(cache_err_int.o)
                              /Users/flo/Programming/workspace-eclipse/ESP32_Robot/build/esp32/libesp32.a(cpu_start.o) (esp_cache_err_int_init)
/Users/flo/Programming/workspace-eclipse/ESP32_Robot/build/esp32/libesp32.a(clk.o)
                              /Users/flo/Programming/workspace-eclipse/ESP32_Robot/build/esp32/libesp32.a(cpu_start.o) (esp_clk_init)
/Users/flo/Programming/workspace-eclipse/ESP32_Robot/build/esp32/libesp32.a(freertos_hooks.o)
                              /Users/flo/Programming/workspace-eclipse/ESP32_Robot/build/esp32/libesp32.a(task_wdt.o) (esp_register_freertos_idle_hook_for_cpu)
/Users/flo/esp/esp-idf/components/esp32/libhal.a(int_asm--set_intclear.o)
                              /Users/flo/Programming/workspace-eclipse/ESP32_Robot/build/esp32/libesp32.a(intr_alloc.o) (xthal_set_intclear)
/Users/flo/Programming/workspace-eclipse/ESP32_Robot/build/freertos/libfreertos.a(FreeRTOS-openocd.o)
                              (uxTopUsedPriority)
/Users/flo/Programming/workspace-eclipse/ESP32_Robot/build/freertos/libfreertos.a(port.o)
                              /Users/flo/Programming/workspace-eclipse/ESP32_Robot/build/esp32/libesp32.a(cpu_start.o) (port_xSchedulerRunning)
/Users/flo/Programming/workspace-eclipse/ESP32_Robot/build/freertos/libfreertos.a(queue.o)
                              /Users/flo/Programming/workspace-eclipse/ESP32_Robot/build/esp32/libesp32.a(ipc.o) (xQueueGenericCreate)
[...]
Memory Configuration

Name             Origin             Length             Attributes
iram0_0_seg      0x0000000040080000 0x0000000000020000 xr
iram0_2_seg      0x00000000400d0018 0x000000000032ffe8 xr
dram0_0_seg      0x000000003ffb0000 0x000000000002c200 rw
drom0_0_seg      0x000000003f400018 0x00000000003fffe8 r
rtc_iram_seg     0x00000000400c0000 0x0000000000002000 xrw
rtc_slow_seg     0x0000000050000000 0x0000000000001000 rw
*default*        0x0000000000000000 0xffffffffffffffff

Linker script and memory map

START GROUP
LOAD /Users/flo/Programming/workspace-eclipse/ESP32_Robot/build/app_trace/libapp_trace.a
LOAD /Users/flo/Programming/workspace-eclipse/ESP32_Robot/build/app_update/libapp_update.a
LOAD /Users/flo/Programming/workspace-eclipse/ESP32_Robot/build/bootloader_support/libbootloader_support.a
LOAD /Users/flo/Programming/workspace-eclipse/ESP32_Robot/build/bt/libbt.a
LOAD /Users/flo/Programming/workspace-eclipse/ESP32_Robot/build/coap/libcoap.a
LOAD /Users/flo/Programming/workspace-eclipse/ESP32_Robot/build/console/libconsole.a
LOAD /Users/flo/Programming/workspace-eclipse/ESP32_Robot/build/cxx/libcxx.a
LOAD /Users/flo/Programming/workspace-eclipse/ESP32_Robot/build/driver/libdriver.a
LOAD /Users/flo/Programming/workspace-eclipse/ESP32_Robot/build/esp-tls/libesp-tls.a
LOAD /Users/flo/Programming/workspace-eclipse/ESP32_Robot/build/esp32/libesp32.a
LOAD /Users/flo/esp/esp-idf/components/esp32/libhal.a
LOAD /Users/flo/esp/esp-idf/components/esp32/lib/libcore.a
LOAD /Users/flo/esp/esp-idf/components/esp32/lib/librtc.a
LOAD /Users/flo/esp/esp-idf/components/esp32/lib/libnet80211.a
LOAD /Users/flo/esp/esp-idf/components/esp32/lib/libpp.a
LOAD /Users/flo/esp/esp-idf/components/esp32/lib/libwpa.a
LOAD /Users/flo/esp/esp-idf/components/esp32/lib/libsmartconfig.a
LOAD /Users/flo/esp/esp-idf/components/esp32/lib/libcoexist.a
LOAD /Users/flo/esp/esp-idf/components/esp32/lib/libwps.a
LOAD /Users/flo/esp/esp-idf/components/esp32/lib/libwpa2.a
LOAD /Users/flo/esp/esp-idf/components/esp32/lib/libespnow.a
LOAD /Users/flo/esp/esp-idf/components/esp32/lib/libphy.a
LOAD /Users/flo/esp/esp-idf/components/esp32/lib/libmesh.a
LOAD /Users/flo/Programming/workspace-eclipse/ESP32_Robot/build/esp_adc_cal/libesp_adc_cal.a
LOAD /Users/flo/Programming/workspace-eclipse/ESP32_Robot/build/esp_http_client/libesp_http_client.a
LOAD /Users/flo/Programming/workspace-eclipse/ESP32_Robot/build/ethernet/libethernet.a
LOAD /Users/flo/Programming/workspace-eclipse/ESP32_Robot/build/expat/libexpat.a
LOAD /Users/flo/Programming/workspace-eclipse/ESP32_Robot/build/fatfs/libfatfs.a
LOAD /Users/flo/Programming/workspace-eclipse/ESP32_Robot/build/freertos/libfreertos.a
LOAD /Users/flo/Programming/workspace-eclipse/ESP32_Robot/build/heap/libheap.a
LOAD /Users/flo/Programming/workspace-eclipse/ESP32_Robot/build/idf_test/libidf_test.a
LOAD /Users/flo/Programming/workspace-eclipse/ESP32_Robot/build/jsmn/libjsmn.a
LOAD /Users/flo/Programming/workspace-eclipse/ESP32_Robot/build/json/libjson.a
LOAD /Users/flo/Programming/workspace-eclipse/ESP32_Robot/build/libsodium/liblibsodium.a
LOAD /Users/flo/Programming/workspace-eclipse/ESP32_Robot/build/log/liblog.a
LOAD /Users/flo/Programming/workspace-eclipse/ESP32_Robot/build/lwip/liblwip.a
LOAD /Users/flo/Programming/workspace-eclipse/ESP32_Robot/build/main/libmain.a
LOAD /Users/flo/Programming/workspace-eclipse/ESP32_Robot/build/mbedtls/libmbedtls.a
LOAD /Users/flo/Programming/workspace-eclipse/ESP32_Robot/build/mdns/libmdns.a
LOAD /Users/flo/Programming/workspace-eclipse/ESP32_Robot/build/micro-ecc/libmicro-ecc.a
LOAD /Users/flo/esp/esp-idf/components/newlib/lib/libc.a
LOAD /Users/flo/esp/esp-idf/components/newlib/lib/libm.a
LOAD /Users/flo/Programming/workspace-eclipse/ESP32_Robot/build/newlib/libnewlib.a
LOAD /Users/flo/Programming/workspace-eclipse/ESP32_Robot/build/nghttp/libnghttp.a
LOAD /Users/flo/Programming/workspace-eclipse/ESP32_Robot/build/nvs_flash/libnvs_flash.a
LOAD /Users/flo/Programming/workspace-eclipse/ESP32_Robot/build/openssl/libopenssl.a
LOAD /Users/flo/Programming/workspace-eclipse/ESP32_Robot/build/pthread/libpthread.a
LOAD /Users/flo/Programming/workspace-eclipse/ESP32_Robot/build/sdmmc/libsdmmc.a
LOAD /Users/flo/Programming/workspace-eclipse/ESP32_Robot/build/smartconfig_ack/libsmartconfig_ack.a
LOAD /Users/flo/Programming/workspace-eclipse/ESP32_Robot/build/soc/libsoc.a
LOAD /Users/flo/Programming/workspace-eclipse/ESP32_Robot/build/spi_flash/libspi_flash.a
LOAD /Users/flo/Programming/workspace-eclipse/ESP32_Robot/build/spiffs/libspiffs.a
LOAD /Users/flo/Programming/workspace-eclipse/ESP32_Robot/build/tcpip_adapter/libtcpip_adapter.a
LOAD /Users/flo/Programming/workspace-eclipse/ESP32_Robot/build/ulp/libulp.a
LOAD /Users/flo/Programming/workspace-eclipse/ESP32_Robot/build/vfs/libvfs.a
LOAD /Users/flo/Programming/workspace-eclipse/ESP32_Robot/build/wear_levelling/libwear_levelling.a
LOAD /Users/flo/Programming/workspace-eclipse/ESP32_Robot/build/wpa_supplicant/libwpa_supplicant.a
LOAD /Users/flo/Programming/workspace-eclipse/ESP32_Robot/build/xtensa-debug-module/libxtensa-debug-module.a
LOAD /Users/flo/esp/xtensa-esp32-elf/bin/../lib/gcc/xtensa-esp32-elf/5.2.0/libgcc.a
LOAD /Users/flo/esp/xtensa-esp32-elf/bin/../lib/gcc/xtensa-esp32-elf/5.2.0/../../../../xtensa-esp32-elf/lib/libstdc++.a
LOAD /Users/flo/esp/xtensa-esp32-elf/bin/../lib/gcc/xtensa-esp32-elf/5.2.0/libgcov.a
END GROUP
                0x0000000040000000                _heap_end = 0x40000000

.rtc.text       0x00000000400c0000        0x0
                0x00000000400c0000                . = ALIGN (0x4)
 *(.rtc.literal .rtc.text)
 *rtc_wake_stub*.o(.literal .text .literal.* .text.*)

.rtc.data       0x0000000050000000        0x0
                0x0000000050000000                _rtc_data_start = ABSOLUTE (.)
 *(.rtc.data)
 *(.rtc.rodata)
 *rtc_wake_stub*.o(.data .rodata .data.* .rodata.* .bss .bss.*)
                0x0000000050000000                _rtc_data_end = ABSOLUTE (.)

.rtc.bss        0x0000000050000000        0x0
                0x0000000050000000                _rtc_bss_start = ABSOLUTE (.)
 *rtc_wake_stub*.o(.bss .bss.*)
 *rtc_wake_stub*.o(COMMON)
                0x0000000050000000                _rtc_bss_end = ABSOLUTE (.)

.iram0.vectors  0x0000000040080000      0x400
                0x0000000040080000                _init_start = ABSOLUTE (.)
                0x0000000000000000                . = 0x0
 *(.WindowVectors.text)
 .WindowVectors.text
                0x0000000040080000      0x16a /Users/flo/Programming/workspace-eclipse/ESP32_Robot/build/freertos/libfreertos.a(xtensa_vectors.o)
                0x0000000040080000                _WindowOverflow4
                0x0000000040080040                _WindowUnderflow4
                0x0000000040080050                _xt_alloca_exc
                0x0000000040080080                _WindowOverflow8
                0x00000000400800c0                _WindowUnderflow8
                0x0000000040080100                _WindowOverflow12
                0x0000000040080140                _WindowUnderflow12
                0x0000000000000180                . = 0x180
 *fill*         0x000000004008016a       0x16 
 *(.Level2InterruptVector.text)
 .Level2InterruptVector.text
                0x0000000040080180        0x6 /Users/flo/Programming/workspace-eclipse/ESP32_Robot/build/freertos/libfreertos.a(xtensa_vectors.o)
                0x0000000040080180                _Level2Vector
                0x00000000000001c0                . = 0x1c0
 *fill*         0x0000000040080186       0x3a 
 *(.Level3InterruptVector.text)
 .Level3InterruptVector.text
                0x00000000400801c0        0x6 /Users/flo/Programming/workspace-eclipse/ESP32_Robot/build/freertos/libfreertos.a(xtensa_vectors.o)
                0x00000000400801c0                _Level3Vector
                0x0000000000000200                . = 0x200
 *fill*         0x00000000400801c6       0x3a 
 *(.Level4InterruptVector.text)
 .Level4InterruptVector.text
                0x0000000040080200        0x6 /Users/flo/Programming/workspace-eclipse/ESP32_Robot/build/freertos/libfreertos.a(xtensa_vectors.o)
                0x0000000040080200                _Level4Vector
                0x0000000000000240                . = 0x240
 *fill*         0x0000000040080206       0x3a 
 *(.Level5InterruptVector.text)
 .Level5InterruptVector.text
                0x0000000040080240        0x6 /Users/flo/Programming/workspace-eclipse/ESP32_Robot/build/freertos/libfreertos.a(xtensa_vectors.o)
                0x0000000040080240                _Level5Vector
                0x0000000000000280                . = 0x280
 *fill*         0x0000000040080246       0x3a 
 *(.DebugExceptionVector.text)
 .DebugExceptionVector.text
                0x0000000040080280        0x6 /Users/flo/Programming/workspace-eclipse/ESP32_Robot/build/freertos/libfreertos.a(xtensa_vectors.o)
                0x0000000040080280                _DebugExceptionVector
                0x00000000000002c0                . = 0x2c0
 *fill*         0x0000000040080286       0x3a 
 *(.NMIExceptionVector.text)
 .NMIExceptionVector.text
                0x00000000400802c0        0x6 /Users/flo/Programming/workspace-eclipse/ESP32_Robot/build/freertos/libfreertos.a(xtensa_vectors.o)
                0x00000000400802c0                _NMIExceptionVector
                0x0000000000000300                . = 0x300
 *fill*         0x00000000400802c6       0x3a 
 *(.KernelExceptionVector.text)
 .KernelExceptionVector.text
                0x0000000040080300        0x6 /Users/flo/Programming/workspace-eclipse/ESP32_Robot/build/freertos/libfreertos.a(xtensa_vectors.o)
                0x0000000040080300                _KernelExceptionVector
                0x0000000000000340                . = 0x340
 *fill*         0x0000000040080306       0x3a 
 *(.UserExceptionVector.text)
 .UserExceptionVector.text
                0x0000000040080340        0x6 /Users/flo/Programming/workspace-eclipse/ESP32_Robot/build/freertos/libfreertos.a(xtensa_vectors.o)
                0x0000000040080340                _UserExceptionVector
                0x00000000000003c0                . = 0x3c0
 *fill*         0x0000000040080346       0x7a 
 *(.DoubleExceptionVector.text)
 .DoubleExceptionVector.text
                0x00000000400803c0        0xf /Users/flo/Programming/workspace-eclipse/ESP32_Robot/build/freertos/libfreertos.a(xtensa_vectors.o)
                0x00000000400803c0                _DoubleExceptionVector
                0x0000000000000400                . = 0x400
 *fill*         0x00000000400803cf       0x31 
 *(.*Vector.literal)
 *(.UserEnter.literal)
 *(.UserEnter.text)
                0x0000000040080400                . = ALIGN (0x10)
 *(.entry.text)
 *(.init.literal)
 *(.init)
                0x0000000040080400                _init_end = ABSOLUTE (.)
                0x0000000000000000                _iram_start = 0x0

.iram0.text     0x0000000040080400     0x8730
                0x0000000040080400                _iram_text_start = ABSOLUTE (.)
 *(.iram1 .iram1.*)
 .iram1.literal
                0x0000000040080400       0xa8 /Users/flo/Programming/workspace-eclipse/ESP32_Robot/build/esp32/libesp32.a(cpu_start.o)
                                        0x1c4 (size before relaxing)
 .iram1.literal
                0x00000000400804a8       0x1c /Users/flo/Programming/workspace-eclipse/ESP32_Robot/build/esp32/libesp32.a(crosscore_int.o)
                                         0x40 (size before relaxing)
 .iram1.literal
                0x00000000400804c4       0x38 /Users/flo/Programming/workspace-eclipse/ESP32_Robot/build/esp32/libesp32.a(dport_access.o)
                                         0x88 (size before relaxing)
 .iram1.literal
                0x00000000400804fc       0x28 /Users/flo/Programming/workspace-eclipse/ESP32_Robot/build/esp32/libesp32.a(esp_timer.o)
                                         0x60 (size before relaxing)
 .iram1.literal
                0x0000000040080524       0x58 /Users/flo/Programming/workspace-eclipse/ESP32_Robot/build/esp32/libesp32.a(esp_timer_esp32.o)
                                         0xf0 (size before relaxing)
 .iram1.literal
                0x000000004008057c        0xc /Users/flo/Programming/workspace-eclipse/ESP32_Robot/build/esp32/libesp32.a(int_wdt.o)
 .iram1.literal
                0x0000000040080588       0x20 /Users/flo/Programming/workspace-eclipse/ESP32_Robot/build/esp32/libesp32.a(intr_alloc.o)
                                         0x7c (size before relaxing)
 .iram1.literal
                0x00000000400805a8       0x20 /Users/flo/Programming/workspace-eclipse/ESP32_Robot/build/esp32/libesp32.a(ipc.o)
                                         0x34 (size before relaxing)
 .iram1.literal
                0x00000000400805c8       0x60 /Users/flo/Programming/workspace-eclipse/ESP32_Robot/build/esp32/libesp32.a(system_api.o)
                                         0xc0 (size before relaxing)
 .iram1.literal
                0x0000000040080628       0x10 /Users/flo/Programming/workspace-eclipse/ESP32_Robot/build/esp32/libesp32.a(dport_panic_highint_hdl.o)
                                         0x28 (size before relaxing)
 .iram1.literal
                0x0000000040080638        0xc /Users/flo/Programming/workspace-eclipse/ESP32_Robot/build/esp32/libesp32.a(cache_err_int.o)
                                         0x18 (size before relaxing)
 .iram1.literal
                0x0000000040080644        0xc /Users/flo/Programming/workspace-eclipse/ESP32_Robot/build/esp32/libesp32.a(clk.o)
                                         0x18 (size before relaxing)
 .iram1.literal
                0x0000000040080650        0x4 /Users/flo/Programming/workspace-eclipse/ESP32_Robot/build/esp32/libesp32.a(freertos_hooks.o)
 .iram1.literal
                0x0000000040080654        0x4 /Users/flo/Programming/workspace-eclipse/ESP32_Robot/build/freertos/libfreertos.a(port.o)
 .iram1.literal
                0x0000000040080658       0x44 /Users/flo/Programming/workspace-eclipse/ESP32_Robot/build/freertos/libfreertos.a(xtensa_vectors.o)
                                         0x68 (size before relaxing)
 .iram1.literal
                0x000000004008069c       0x58 /Users/flo/Programming/workspace-eclipse/ESP32_Robot/build/heap/libheap.a(heap_caps.o)
                                         0xb0 (size before relaxing)
 .iram1.literal
                0x00000000400806f4       0x24 /Users/flo/Programming/workspace-eclipse/ESP32_Robot/build/log/liblog.a(log.o)
                                         0x48 (size before relaxing)
 .iram1.literal
                0x0000000040080718       0x14 /Users/flo/Programming/workspace-eclipse/ESP32_Robot/build/newlib/libnewlib.a(locks.o)
                                         0x90 (size before relaxing)
 .iram1.literal
                0x000000004008072c        0x8 /Users/flo/Programming/workspace-eclipse/ESP32_Robot/build/newlib/libnewlib.a(reent_init.o)
                                         0x10 (size before relaxing)
 .iram1.literal
                0x0000000040080734        0x0 /Users/flo/Programming/workspace-eclipse/ESP32_Robot/build/newlib/libnewlib.a(syscalls.o)
                                         0x14 (size before relaxing)
 .iram1.literal
                0x0000000040080734        0x0 /Users/flo/Programming/workspace-eclipse/ESP32_Robot/build/newlib/libnewlib.a(time.o)
                                         0x1c (size before relaxing)
 .iram1.literal
                0x0000000040080734       0x1c /Users/flo/Programming/workspace-eclipse/ESP32_Robot/build/soc/libsoc.a(cpu_util.o)
                                         0x30 (size before relaxing)
 .iram1.literal
                0x0000000040080750       0x50 /Users/flo/Programming/workspace-eclipse/ESP32_Robot/build/spi_flash/libspi_flash.a(cache_utils.o)
                                        0x114 (size before relaxing)
 .iram1.literal
                0x00000000400807a0       0x38 /Users/flo/Programming/workspace-eclipse/ESP32_Robot/build/spi_flash/libspi_flash.a(flash_ops.o)
                                         0xe4 (size before relaxing)
 .iram1.literal
                0x00000000400807d8       0x4c /Users/flo/Programming/workspace-eclipse/ESP32_Robot/build/spi_flash/libspi_flash.a(flash_mmap.o)
                                        0x108 (size before relaxing)
 .literal.pxPortInitialiseStack
                0x0000000040080824       0x10 /Users/flo/Programming/workspace-eclipse/ESP32_Robot/build/freertos/libfreertos.a(port.o)
                                         0x18 (size before relaxing)
 .literal.xPortStartScheduler
                0x0000000040080834        0x0 /Users/flo/Programming/workspace-eclipse/ESP32_Robot/build/freertos/libfreertos.a(port.o)
                                         0x14 (size before relaxing)
 .literal.xPortSysTickHandler
                0x0000000040080834        0x0 /Users/flo/Programming/workspace-eclipse/ESP32_Robot/build/freertos/libfreertos.a(port.o)
                                          0x8 (size before relaxing)
 .literal.vPortYieldOtherCore
                0x0000000040080834        0x0 /Users/flo/Programming/workspace-eclipse/ESP32_Robot/build/freertos/libfreertos.a(port.o)
                                          0x4 (size before relaxing)
 .literal.vPortReleaseTaskMPUSettings
                0x0000000040080834        0x0 /Users/flo/Programming/workspace-eclipse/ESP32_Robot/build/freertos/libfreertos.a(port.o)
                                          0x4 (size before relaxing)
 .literal.xPortInIsrContext
                0x0000000040080834        0x0 /Users/flo/Programming/workspace-eclipse/ESP32_Robot/build/freertos/libfreertos.a(port.o)
                                          0x8 (size before relaxing)
 .literal.vPortCPUInitializeMutex
                0x0000000040080834        0x4 /Users/flo/Programming/workspace-eclipse/ESP32_Robot/build/freertos/libfreertos.a(port.o)
 .literal.vPortCPUAcquireMutex
                0x0000000040080838       0x1c /Users/flo/Programming/workspace-eclipse/ESP32_Robot/build/freertos/libfreertos.a(port.o)
                                         0x30 (size before relaxing)
 .literal.vPortCPUReleaseMutex
                0x0000000040080854       0x10 /Users/flo/Programming/workspace-eclipse/ESP32_Robot/build/freertos/libfreertos.a(port.o)
                                         0x28 (size before relaxing)
 .literal.prvIsQueueFull
                0x0000000040080864        0x0 /Users/flo/Programming/workspace-eclipse/ESP32_Robot/build/freertos/libfreertos.a(queue.o)
                                          0x8 (size before relaxing)
 .literal.prvCopyDataToQueue
                0x0000000040080864        0x0 /Users/flo/Programming/workspace-eclipse/ESP32_Robot/build/freertos/libfreertos.a(queue.o)
                                          0xc (size before relaxing)
 .literal.prvNotifyQueueSetContainer
                0x0000000040080864       0x14 /Users/flo/Programming/workspace-eclipse/ESP32_Robot/build/freertos/libfreertos.a(queue.o)
                                         0x2c (size before relaxing)
 .literal.prvCopyDataFromQueue
                0x0000000040080878        0x0 /Users/flo/Programming/workspace-eclipse/ESP32_Robot/build/freertos/libfreertos.a(queue.o)
                                          0x4 (size before relaxing)
 .literal.xQueueGenericReset
                0x0000000040080878        0x4 /Users/flo/Programming/workspace-eclipse/ESP32_Robot/build/freertos/libfreertos.a(queue.o)
                                         0x30 (size before relaxing)
 .literal.prvInitialiseNewQueue
                0x000000004008087c        0x0 /Users/flo/Programming/workspace-eclipse/ESP32_Robot/build/freertos/libfreertos.a(queue.o)
                                          0x4 (size before relaxing)
 .literal.xQueueGenericCreate
                0x000000004008087c        0x4 /Users/flo/Programming/workspace-eclipse/ESP32_Robot/build/freertos/libfreertos.a(queue.o)
                                         0x1c (size before relaxing)
 .literal.xQueueGetMutexHolder
                0x0000000040080880        0x0 /Users/flo/Programming/workspace-eclipse/ESP32_Robot/build/freertos/libfreertos.a(queue.o)
                                          0x8 (size before relaxing)
 .literal.xQueueCreateCountingSemaphore
                0x0000000040080880        0x4 /Users/flo/Programming/workspace-eclipse/ESP32_Robot/build/freertos/libfreertos.a(queue.o)
                                         0x28 (size before relaxing)
 .literal.xQueueGenericSend
                0x0000000040080884        0x4 /Users/flo/Programming/workspace-eclipse/ESP32_Robot/build/freertos/libfreertos.a(queue.o)
                                         0x7c (size before relaxing)
 .literal.prvInitialiseMutex
                0x0000000040080888        0x0 /Users/flo/Programming/workspace-eclipse/ESP32_Robot/build/freertos/libfreertos.a(queue.o)
                                          0x8 (size before relaxing)
 .literal.xQueueCreateMutex
                0x0000000040080888        0x0 /Users/flo/Programming/workspace-eclipse/ESP32_Robot/build/freertos/libfreertos.a(queue.o)
                                          0x8 (size before relaxing)
 .literal.xQueueGiveMutexRecursive
                0x0000000040080888        0x4 /Users/flo/Programming/workspace-eclipse/ESP32_Robot/build/freertos/libfreertos.a(queue.o)
                                         0x1c (size before relaxing)
 .literal.xQueueGenericSendFromISR
                0x000000004008088c        0x4 /Users/flo/Programming/workspace-eclipse/ESP32_Robot/build/freertos/libfreertos.a(queue.o)
                                         0x3c (size before relaxing)
 .literal.xQueueGiveFromISR
                0x0000000040080890        0x4 /Users/flo/Programming/workspace-eclipse/ESP32_Robot/build/freertos/libfreertos.a(queue.o)
                                         0x30 (size before relaxing)
 .literal.xQueueGenericReceive
                0x0000000040080894        0x4 /Users/flo/Programming/workspace-eclipse/ESP32_Robot/build/freertos/libfreertos.a(queue.o)
                                         0x78 (size before relaxing)
 .literal.xQueueTakeMutexRecursive
                0x0000000040080898        0x4 /Users/flo/Programming/workspace-eclipse/ESP32_Robot/build/freertos/libfreertos.a(queue.o)
                                         0x1c (size before relaxing)
 .literal.xQueueReceiveFromISR
                0x000000004008089c        0x4 /Users/flo/Programming/workspace-eclipse/ESP32_Robot/build/freertos/libfreertos.a(queue.o)
                                         0x30 (size before relaxing)
 .literal.vQueueDelete
                0x00000000400808a0        0x4 /Users/flo/Programming/workspace-eclipse/ESP32_Robot/build/freertos/libfreertos.a(queue.o)
                                         0x18 (size before relaxing)
 .literal.vQueueWaitForMessageRestricted
                0x00000000400808a4        0x0 /Users/flo/Programming/workspace-eclipse/ESP32_Robot/build/freertos/libfreertos.a(queue.o)
                                          0xc (size before relaxing)
 .literal.prvResetNextTaskUnblockTime
                0x00000000400808a4        0x8 /Users/flo/Programming/workspace-eclipse/ESP32_Robot/build/freertos/libfreertos.a(tasks.o)
 .literal.prvDeleteTLS
                0x00000000400808ac       0x10 /Users/flo/Programming/workspace-eclipse/ESP32_Robot/build/freertos/libfreertos.a(tasks.o)
                                         0x18 (size before relaxing)
 .literal.prvInitialiseNewTask
                0x00000000400808bc        0x0 /Users/flo/Programming/workspace-eclipse/ESP32_Robot/build/freertos/libfreertos.a(tasks.o)
                                         0x18 (size before relaxing)
 .literal.prvInitialiseTaskLists
                0x00000000400808bc       0x20 /Users/flo/Programming/workspace-eclipse/ESP32_Robot/build/freertos/libfreertos.a(tasks.o)
                                         0x40 (size before relaxing)
 .literal.prvDeleteTCB
                0x00000000400808dc        0x8 /Users/flo/Programming/workspace-eclipse/ESP32_Robot/build/freertos/libfreertos.a(tasks.o)
                                         0x2c (size before relaxing)
 .literal.prvAddCurrentTaskToDelayedList
                0x00000000400808e4        0x4 /Users/flo/Programming/workspace-eclipse/ESP32_Robot/build/freertos/libfreertos.a(tasks.o)
                                         0x1c (size before relaxing)
 .literal.taskYIELD_OTHER_CORE
                0x00000000400808e8        0x0 /Users/flo/Programming/workspace-eclipse/ESP32_Robot/build/freertos/libfreertos.a(tasks.o)
                                         0x10 (size before relaxing)
 .literal.vTaskSuspendAll
                0x00000000400808e8        0x4 /Users/flo/Programming/workspace-eclipse/ESP32_Robot/build/freertos/libfreertos.a(tasks.o)
                                          0x8 (size before relaxing)
 .literal.xTaskGetIdleTaskHandleForCPU
                0x00000000400808ec        0xc /Users/flo/Programming/workspace-eclipse/ESP32_Robot/build/freertos/libfreertos.a(tasks.o)
                                         0x1c (size before relaxing)
 .literal.vTaskSwitchContext
                0x00000000400808f8       0x18 /Users/flo/Programming/workspace-eclipse/ESP32_Robot/build/freertos/libfreertos.a(tasks.o)
                                         0x3c (size before relaxing)
 .literal.vTaskSetTimeOutState
                0x0000000040080910        0xc /Users/flo/Programming/workspace-eclipse/ESP32_Robot/build/freertos/libfreertos.a(tasks.o)
                                         0x20 (size before relaxing)
 .literal.xTaskGetCurrentTaskHandle
                0x000000004008091c        0x0 /Users/flo/Programming/workspace-eclipse/ESP32_Robot/build/freertos/libfreertos.a(tasks.o)
                                          0x8 (size before relaxing)
 .literal.__getreent
                0x000000004008091c        0x0 /Users/flo/Programming/workspace-eclipse/ESP32_Robot/build/freertos/libfreertos.a(tasks.o)
                                          0x8 (size before relaxing)
 .literal.pcTaskGetTaskName
                0x000000004008091c        0x8 /Users/flo/Programming/workspace-eclipse/ESP32_Robot/build/freertos/libfreertos.a(tasks.o)
                                         0x1c (size before relaxing)
 .literal.xTaskGetAffinity
                0x0000000040080924        0x0 /Users/flo/Programming/workspace-eclipse/ESP32_Robot/build/freertos/libfreertos.a(tasks.o)
                                          0x4 (size before relaxing)
 .literal.xTaskGetCurrentTaskHandleForCPU
                0x0000000040080924        0x0 /Users/flo/Programming/workspace-eclipse/ESP32_Robot/build/freertos/libfreertos.a(tasks.o)
                                          0x4 (size before relaxing)
 .literal.xTaskGetSchedulerState
                0x0000000040080924        0x4 /Users/flo/Programming/workspace-eclipse/ESP32_Robot/build/freertos/libfreertos.a(tasks.o)
                                          0xc (size before relaxing)
 .literal.vTaskEnterCritical
                0x0000000040080928       0x14 /Users/flo/Programming/workspace-eclipse/ESP32_Robot/build/freertos/libfreertos.a(tasks.o)
                                         0x34 (size before relaxing)
 .literal.vTaskExitCritical
                0x000000004008093c       0x10 /Users/flo/Programming/workspace-eclipse/ESP32_Robot/build/freertos/libfreertos.a(tasks.o)
                                         0x30 (size before relaxing)
 .literal.prvAddNewTaskToReadyList
                0x000000004008094c       0x10 /Users/flo/Programming/workspace-eclipse/ESP32_Robot/build/freertos/libfreertos.a(tasks.o)
                                         0x58 (size before relaxing)
 .literal.xTaskCreatePinnedToCore
                0x000000004008095c        0x0 /Users/flo/Programming/workspace-eclipse/ESP32_Robot/build/freertos/libfreertos.a(tasks.o)
                                         0x18 (size before relaxing)
 .literal.vTaskStartScheduler
                0x000000004008095c       0x10 /Users/flo/Programming/workspace-eclipse/ESP32_Robot/build/freertos/libfreertos.a(tasks.o)
                                         0x38 (size before relaxing)
 .literal.vTaskDelete
                0x000000004008096c        0x8 /Users/flo/Programming/workspace-eclipse/ESP32_Robot/build/freertos/libfreertos.a(tasks.o)
                                         0x60 (size before relaxing)
 .literal.vTaskDelay
                0x0000000040080974        0x4 /Users/flo/Programming/workspace-eclipse/ESP32_Robot/build/freertos/libfreertos.a(tasks.o)
                                         0x38 (size before relaxing)
 .literal.prvCheckTasksWaitingTermination
                0x0000000040080978        0x8 /Users/flo/Programming/workspace-eclipse/ESP32_Robot/build/freertos/libfreertos.a(tasks.o)
                                         0x30 (size before relaxing)
 .literal.prvIdleTask
                0x0000000040080980        0x0 /Users/flo/Programming/workspace-eclipse/ESP32_Robot/build/freertos/libfreertos.a(tasks.o)
                                          0xc (size before relaxing)
 .literal.xTaskGetTickCount
                0x0000000040080980        0x4 /Users/flo/Programming/workspace-eclipse/ESP32_Robot/build/freertos/libfreertos.a(tasks.o)
                                         0x10 (size before relaxing)
 .literal.xTaskIncrementTick
                0x0000000040080984        0xc /Users/flo/Programming/workspace-eclipse/ESP32_Robot/build/freertos/libfreertos.a(tasks.o)
                                         0x78 (size before relaxing)
 .literal.xTaskResumeAll
                0x0000000040080990        0x8 /Users/flo/Programming/workspace-eclipse/ESP32_Robot/build/freertos/libfreertos.a(tasks.o)
                                         0x5c (size before relaxing)
 .literal.vTaskPlaceOnEventList
                0x0000000040080998        0x8 /Users/flo/Programming/workspace-eclipse/ESP32_Robot/build/freertos/libfreertos.a(tasks.o)
                                         0x40 (size before relaxing)
 .literal.vTaskPlaceOnEventListRestricted
                0x00000000400809a0        0x8 /Users/flo/Programming/workspace-eclipse/ESP32_Robot/build/freertos/libfreertos.a(tasks.o)
                                         0x38 (size before relaxing)
 .literal.xTaskRemoveFromEventList
                0x00000000400809a8        0x8 /Users/flo/Programming/workspace-eclipse/ESP32_Robot/build/freertos/libfreertos.a(tasks.o)
                                         0x58 (size before relaxing)
 .literal.xTaskCheckForTimeOut
                0x00000000400809b0        0xc /Users/flo/Programming/workspace-eclipse/ESP32_Robot/build/freertos/libfreertos.a(tasks.o)
                                         0x3c (size before relaxing)
 .literal.vTaskPriorityInherit
                0x00000000400809bc        0x0 /Users/flo/Programming/workspace-eclipse/ESP32_Robot/build/freertos/libfreertos.a(tasks.o)
                                         0x2c (size before relaxing)
 .literal.xTaskPriorityDisinherit
                0x00000000400809bc        0x8 /Users/flo/Programming/workspace-eclipse/ESP32_Robot/build/freertos/libfreertos.a(tasks.o)
                                         0x40 (size before relaxing)
 .literal.pvTaskIncrementMutexHeldCount
                0x00000000400809c4        0x0 /Users/flo/Programming/workspace-eclipse/ESP32_Robot/build/freertos/libfreertos.a(tasks.o)
                                         0x10 (size before relaxing)
 .literal.prvGetNextExpireTime
                0x00000000400809c4        0x4 /Users/flo/Programming/workspace-eclipse/ESP32_Robot/build/freertos/libfreertos.a(timers.o)
 .literal.prvInsertTimerInActiveList
                0x00000000400809c8        0x4 /Users/flo/Programming/workspace-eclipse/ESP32_Robot/build/freertos/libfreertos.a(timers.o)
                                         0x10 (size before relaxing)
 .literal.prvCheckForValidListAndQueue
                0x00000000400809cc       0x1c /Users/flo/Programming/workspace-eclipse/ESP32_Robot/build/freertos/libfreertos.a(timers.o)
                                         0x44 (size before relaxing)
 .literal.xTimerCreateTimerTask
                0x00000000400809e8       0x10 /Users/flo/Programming/workspace-eclipse/ESP32_Robot/build/freertos/libfreertos.a(timers.o)
                                         0x2c (size before relaxing)
 .literal.xTimerGenericCommand
                0x00000000400809f8        0x0 /Users/flo/Programming/workspace-eclipse/ESP32_Robot/build/freertos/libfreertos.a(timers.o)
                                         0x14 (size before relaxing)
 .literal.prvSwitchTimerLists
                0x00000000400809f8        0x4 /Users/flo/Programming/workspace-eclipse/ESP32_Robot/build/freertos/libfreertos.a(timers.o)
                                         0x28 (size before relaxing)
 .literal.prvSampleTimeNow
                0x00000000400809fc        0x4 /Users/flo/Programming/workspace-eclipse/ESP32_Robot/build/freertos/libfreertos.a(timers.o)
                                          0xc (size before relaxing)
 .literal.prvProcessExpiredTimer
                0x0000000040080a00        0x4 /Users/flo/Programming/workspace-eclipse/ESP32_Robot/build/freertos/libfreertos.a(timers.o)
                                         0x24 (size before relaxing)
 .literal.prvProcessTimerOrBlockTask
                0x0000000040080a04        0x0 /Users/flo/Programming/workspace-eclipse/ESP32_Robot/build/freertos/libfreertos.a(timers.o)
                                         0x24 (size before relaxing)
 .literal.prvProcessReceivedCommands
                0x0000000040080a04        0x8 /Users/flo/Programming/workspace-eclipse/ESP32_Robot/build/freertos/libfreertos.a(timers.o)
                                         0x40 (size before relaxing)
 .literal.prvTimerTask
                0x0000000040080a0c        0x0 /Users/flo/Programming/workspace-eclipse/ESP32_Robot/build/freertos/libfreertos.a(timers.o)
                                          0xc (size before relaxing)
 .literal._xt_tick_divisor_init
                0x0000000040080a0c        0x8 /Users/flo/Programming/workspace-eclipse/ESP32_Robot/build/freertos/libfreertos.a(xtensa_init.o)
                                          0xc (size before relaxing)
 .literal.xt_unhandled_interrupt
                0x0000000040080a14        0x4 /Users/flo/Programming/workspace-eclipse/ESP32_Robot/build/freertos/libfreertos.a(xtensa_intr.o)
                                          0x8 (size before relaxing)
 .literal.xt_set_interrupt_handler
                0x0000000040080a18        0x8 /Users/flo/Programming/workspace-eclipse/ESP32_Robot/build/freertos/libfreertos.a(xtensa_intr.o)
                                          0xc (size before relaxing)
 .literal       0x0000000040080a20        0xc /Users/flo/Programming/workspace-eclipse/ESP32_Robot/build/freertos/libfreertos.a(portasm.o)
                                         0x54 (size before relaxing)
 .literal       0x0000000040080a2c        0x0 /Users/flo/Programming/workspace-eclipse/ESP32_Robot/build/freertos/libfreertos.a(xtensa_context.o)
                                         0x10 (size before relaxing)
 .literal.get_prev_free_block
                0x0000000040080a2c       0x10 /Users/flo/Programming/workspace-eclipse/ESP32_Robot/build/heap/libheap.a(multi_heap.o)
                                         0x28 (size before relaxing)
 .literal.split_if_necessary
                0x0000000040080a3c       0x10 /Users/flo/Programming/workspace-eclipse/ESP32_Robot/build/heap/libheap.a(multi_heap.o)
                                         0x50 (size before relaxing)
 .literal.assert_valid_block
                0x0000000040080a4c        0x0 /Users/flo/Programming/workspace-eclipse/ESP32_Robot/build/heap/libheap.a(multi_heap.o)
                                         0x2c (size before relaxing)
 .literal.merge_adjacent
                0x0000000040080a4c        0x8 /Users/flo/Programming/workspace-eclipse/ESP32_Robot/build/heap/libheap.a(multi_heap.o)
                                         0x4c (size before relaxing)
 .literal.multi_heap_get_allocated_size_impl
                0x0000000040080a54        0x0 /Users/flo/Programming/workspace-eclipse/ESP32_Robot/build/heap/libheap.a(multi_heap.o)
                                         0x10 (size before relaxing)
 .literal.multi_heap_malloc_impl
                0x0000000040080a54        0x0 /Users/flo/Programming/workspace-eclipse/ESP32_Robot/build/heap/libheap.a(multi_heap.o)
                                         0x28 (size before relaxing)
 .literal.multi_heap_free_impl
                0x0000000040080a54        0x0 /Users/flo/Programming/workspace-eclipse/ESP32_Robot/build/heap/libheap.a(multi_heap.o)
                                         0x50 (size before relaxing)
 .literal.multi_heap_realloc_impl
                0x0000000040080a54        0x8 /Users/flo/Programming/workspace-eclipse/ESP32_Robot/build/heap/libheap.a(multi_heap.o)
                                         0x68 (size before relaxing)
 .literal.panicPutChar
                0x0000000040080a5c        0x8 /Users/flo/Programming/workspace-eclipse/ESP32_Robot/build/esp32/libesp32.a(panic.o)
 .literal.panicPutStr
                0x0000000040080a64        0x0 /Users/flo/Programming/workspace-eclipse/ESP32_Robot/build/esp32/libesp32.a(panic.o)
                                          0x4 (size before relaxing)
 .literal.panicPutHex
                0x0000000040080a64        0x0 /Users/flo/Programming/workspace-eclipse/ESP32_Robot/build/esp32/libesp32.a(panic.o)
                                          0x8 (size before relaxing)
 .literal.panicPutDec
                0x0000000040080a64        0x4 /Users/flo/Programming/workspace-eclipse/ESP32_Robot/build/esp32/libesp32.a(panic.o)
                                         0x10 (size before relaxing)
 .literal.reconfigureAllWdts
                0x0000000040080a68       0x10 /Users/flo/Programming/workspace-eclipse/ESP32_Robot/build/esp32/libesp32.a(panic.o)
                                         0x24 (size before relaxing)
 .literal.putEntry
                0x0000000040080a78       0x10 /Users/flo/Programming/workspace-eclipse/ESP32_Robot/build/esp32/libesp32.a(panic.o)
                                         0x20 (size before relaxing)
 .literal.doBacktrace
                0x0000000040080a88       0x10 /Users/flo/Programming/workspace-eclipse/ESP32_Robot/build/esp32/libesp32.a(panic.o)
                                         0x24 (size before relaxing)
 .literal.invoke_abort
                0x0000000040080a98        0x4 /Users/flo/Programming/workspace-eclipse/ESP32_Robot/build/esp32/libesp32.a(panic.o)
                                          0x8 (size before relaxing)
 .literal.haltOtherCore
                0x0000000040080a9c        0x0 /Users/flo/Programming/workspace-eclipse/ESP32_Robot/build/esp32/libesp32.a(panic.o)
                                          0x4 (size before relaxing)
 .literal.esp_panic_wdt_start
                0x0000000040080a9c       0x14 /Users/flo/Programming/workspace-eclipse/ESP32_Robot/build/esp32/libesp32.a(panic.o)
                                         0x2c (size before relaxing)
 .literal.commonErrorHandler_dump
                0x0000000040080ab0       0x30 /Users/flo/Programming/workspace-eclipse/ESP32_Robot/build/esp32/libesp32.a(panic.o)
                                         0x90 (size before relaxing)
 .literal.esp_panic_dig_reset
                0x0000000040080ae0        0x0 /Users/flo/Programming/workspace-eclipse/ESP32_Robot/build/esp32/libesp32.a(panic.o)
                                         0x14 (size before relaxing)
 .literal.abort
                0x0000000040080ae0        0x8 /Users/flo/Programming/workspace-eclipse/ESP32_Robot/build/esp32/libesp32.a(panic.o)
                                         0x10 (size before relaxing)
 .literal.vApplicationStackOverflowHook
                0x0000000040080ae8        0x8 /Users/flo/Programming/workspace-eclipse/ESP32_Robot/build/esp32/libesp32.a(panic.o)
                                         0x18 (size before relaxing)
 .literal.esp_panic_wdt_stop
                0x0000000040080af0        0x0 /Users/flo/Programming/workspace-eclipse/ESP32_Robot/build/esp32/libesp32.a(panic.o)
                                         0x18 (size before relaxing)
 .literal.commonErrorHandler
                0x0000000040080af0        0x4 /Users/flo/Programming/workspace-eclipse/ESP32_Robot/build/esp32/libesp32.a(panic.o)
                                         0x28 (size before relaxing)
 .literal.panicHandler
                0x0000000040080af4       0x34 /Users/flo/Programming/workspace-eclipse/ESP32_Robot/build/esp32/libesp32.a(panic.o)
                                         0xa4 (size before relaxing)
 .literal.xt_unhandled_exception
                0x0000000040080b28       0x14 /Users/flo/Programming/workspace-eclipse/ESP32_Robot/build/esp32/libesp32.a(panic.o)
                                         0x60 (size before relaxing)
 .literal._esp_error_check_failed
                0x0000000040080b3c        0xc /Users/flo/Programming/workspace-eclipse/ESP32_Robot/build/esp32/libesp32.a(panic.o)
                                         0x1c (size before relaxing)
 .literal.rtc_clk_32k_enable_internal
                0x0000000040080b48       0x14 /Users/flo/Programming/workspace-eclipse/ESP32_Robot/build/soc/libsoc.a(rtc_clk.o)
 .literal.rtc_clk_32k_enable
                0x0000000040080b5c        0x4 /Users/flo/Programming/workspace-eclipse/ESP32_Robot/build/soc/libsoc.a(rtc_clk.o)
                                          0xc (size before relaxing)
 .literal.rtc_clk_32k_bootstrap
                0x0000000040080b60        0xc /Users/flo/Programming/workspace-eclipse/ESP32_Robot/build/soc/libsoc.a(rtc_clk.o)
                                         0x34 (size before relaxing)
 .literal.rtc_clk_slow_freq_set
                0x0000000040080b6c        0x4 /Users/flo/Programming/workspace-eclipse/ESP32_Robot/build/soc/libsoc.a(rtc_clk.o)
                                          0xc (size before relaxing)
 .literal.rtc_clk_slow_freq_get
                0x0000000040080b70        0x0 /Users/flo/Programming/workspace-eclipse/ESP32_Robot/build/soc/libsoc.a(rtc_clk.o)
                                          0x4 (size before relaxing)
 .literal.rtc_clk_slow_freq_get_hz
                0x0000000040080b70        0xc /Users/flo/Programming/workspace-eclipse/ESP32_Robot/build/soc/libsoc.a(rtc_clk.o)
                                         0x10 (size before relaxing)
 .literal.rtc_clk_fast_freq_set
                0x0000000040080b7c        0x4 /Users/flo/Programming/workspace-eclipse/ESP32_Robot/build/soc/libsoc.a(rtc_clk.o)
                                          0xc (size before relaxing)
 .literal.rtc_clk_bbpll_set
                0x0000000040080b80        0xc /Users/flo/Programming/workspace-eclipse/ESP32_Robot/build/soc/libsoc.a(rtc_clk.o)
                                         0x38 (size before relaxing)
 .literal.rtc_clk_xtal_freq_get
                0x0000000040080b8c        0xc /Users/flo/Programming/workspace-eclipse/ESP32_Robot/build/soc/libsoc.a(rtc_clk.o)
                                         0x1c (size before relaxing)
 .literal.rtc_clk_cpu_freq_get
                0x0000000040080b98       0x14 /Users/flo/Programming/workspace-eclipse/ESP32_Robot/build/soc/libsoc.a(rtc_clk.o)
                                         0x2c (size before relaxing)
 .literal.rtc_clk_cpu_freq_value
                0x0000000040080bac       0x1c /Users/flo/Programming/workspace-eclipse/ESP32_Robot/build/soc/libsoc.a(rtc_clk.o)
                                         0x2c (size before relaxing)
 .literal.rtc_clk_apb_freq_update
                0x0000000040080bc8        0x4 /Users/flo/Programming/workspace-eclipse/ESP32_Robot/build/soc/libsoc.a(rtc_clk.o)
                                          0x8 (size before relaxing)
 .literal.rtc_clk_cpu_freq_set
                0x0000000040080bcc       0x1c /Users/flo/Programming/workspace-eclipse/ESP32_Robot/build/soc/libsoc.a(rtc_clk.o)
                                         0x88 (size before relaxing)
 .literal.rtc_clk_apb_freq_get
                0x0000000040080be8        0x8 /Users/flo/Programming/workspace-eclipse/ESP32_Robot/build/soc/libsoc.a(rtc_clk.o)
                                         0x14 (size before relaxing)
 .literal.rtc_init
                0x0000000040080bf0       0x80 /Users/flo/Programming/workspace-eclipse/ESP32_Robot/build/soc/libsoc.a(rtc_init.o)
                                         0xdc (size before relaxing)
 .literal.rtc_clk_cal_internal
                0x0000000040080c70       0x10 /Users/flo/Programming/workspace-eclipse/ESP32_Robot/build/soc/libsoc.a(rtc_time.o)
                                         0x3c (size before relaxing)
 .literal.rtc_clk_cal
                0x0000000040080c80        0x0 /Users/flo/Programming/workspace-eclipse/ESP32_Robot/build/soc/libsoc.a(rtc_time.o)
                                          0xc (size before relaxing)
 .literal.rtc_time_get
                0x0000000040080c80       0x10 /Users/flo/Programming/workspace-eclipse/ESP32_Robot/build/soc/libsoc.a(rtc_time.o)
                                         0x18 (size before relaxing)
 .literal.rtc_clk_wait_for_slow_cycle
                0x0000000040080c90        0x8 /Users/flo/Programming/workspace-eclipse/ESP32_Robot/build/soc/libsoc.a(rtc_time.o)
                                         0x20 (size before relaxing)
 .literal       0x0000000040080c98        0x0 /Users/flo/esp/esp-idf/components/esp32/libhal.a(windowspill_asm.o)
                                          0x4 (size before relaxing)
 .literal.esp_rom_spiflash_read_status
                0x0000000040080c98       0x10 /Users/flo/Programming/workspace-eclipse/ESP32_Robot/build/spi_flash/libspi_flash.a(spi_flash_rom_patch.o)
                                         0x14 (size before relaxing)
 .literal.esp_rom_spiflash_wait_idle
                0x0000000040080ca8        0x8 /Users/flo/Programming/workspace-eclipse/ESP32_Robot/build/spi_flash/libspi_flash.a(spi_flash_rom_patch.o)
                                          0xc (size before relaxing)
 .literal.esp_rom_spiflash_erase_block_internal
                0x0000000040080cb0        0x4 /Users/flo/Programming/workspace-eclipse/ESP32_Robot/build/spi_flash/libspi_flash.a(spi_flash_rom_patch.o)
                                         0x18 (size before relaxing)
 .literal.esp_rom_spiflash_erase_sector_internal
                0x0000000040080cb4        0x0 /Users/flo/Programming/workspace-eclipse/ESP32_Robot/build/spi_flash/libspi_flash.a(spi_flash_rom_patch.o)
                                         0x18 (size before relaxing)
 .literal.esp_rom_spiflash_read_data
                0x0000000040080cb4       0x18 /Users/flo/Programming/workspace-eclipse/ESP32_Robot/build/spi_flash/libspi_flash.a(spi_flash_rom_patch.o)
                                         0x34 (size before relaxing)
 .literal.esp_rom_spiflash_enable_write
                0x0000000040080ccc        0x0 /Users/flo/Programming/workspace-eclipse/ESP32_Robot/build/spi_flash/libspi_flash.a(spi_flash_rom_patch.o)
                                         0x10 (size before relaxing)
 .literal.esp_rom_spiflash_program_page_internal
                0x0000000040080ccc       0x10 /Users/flo/Programming/workspace-eclipse/ESP32_Robot/build/spi_flash/libspi_flash.a(spi_flash_rom_patch.o)
                                         0x40 (size before relaxing)
 .literal.esp_rom_spiflash_read_statushigh
                0x0000000040080cdc        0x4 /Users/flo/Programming/workspace-eclipse/ESP32_Robot/build/spi_flash/libspi_flash.a(spi_flash_rom_patch.o)
                                          0xc (size before relaxing)
 .literal.esp_rom_spiflash_write_status
                0x0000000040080ce0        0x4 /Users/flo/Programming/workspace-eclipse/ESP32_Robot/build/spi_flash/libspi_flash.a(spi_flash_rom_patch.o)
                                         0x14 (size before relaxing)
 .literal.esp_rom_spiflash_unlock
                0x0000000040080ce4        0x8 /Users/flo/Programming/workspace-eclipse/ESP32_Robot/build/spi_flash/libspi_flash.a(spi_flash_rom_patch.o)
                                         0x28 (size before relaxing)
 .literal.esp_rom_spiflash_erase_block
                0x0000000040080cec        0xc /Users/flo/Programming/workspace-eclipse/ESP32_Robot/build/spi_flash/libspi_flash.a(spi_flash_rom_patch.o)
                                         0x20 (size before relaxing)
 .literal.esp_rom_spiflash_erase_sector
                0x0000000040080cf8        0x0 /Users/flo/Programming/workspace-eclipse/ESP32_Robot/build/spi_flash/libspi_flash.a(spi_flash_rom_patch.o)
                                         0x20 (size before relaxing)
 .literal.esp_rom_spiflash_write
                0x0000000040080cf8        0x0 /Users/flo/Programming/workspace-eclipse/ESP32_Robot/build/spi_flash/libspi_flash.a(spi_flash_rom_patch.o)
                                         0x28 (size before relaxing)
 .literal.esp_rom_spiflash_write_encrypted
                0x0000000040080cf8        0xc /Users/flo/Programming/workspace-eclipse/ESP32_Robot/build/spi_flash/libspi_flash.a(spi_flash_rom_patch.o)
                                         0x10 (size before relaxing)
 .literal.esp_rom_spiflash_read
                0x0000000040080d04       0x30 /Users/flo/Programming/workspace-eclipse/ESP32_Robot/build/spi_flash/libspi_flash.a(spi_flash_rom_patch.o)
                                         0x5c (size before relaxing)
 .literal       0x0000000040080d34       0x10 /Users/flo/esp/esp-idf/components/newlib/lib/libm.a(lib_a-s_fpclassify.o)
                                         0x18 (size before relaxing)
 .iram1         0x0000000040080d44      0x27e /Users/flo/Programming/workspace-eclipse/ESP32_Robot/build/esp32/libesp32.a(cpu_start.o)
                                        0x336 (size before relaxing)
                0x0000000040080d44                start_cpu0
                0x0000000040080d44                start_cpu0_default
                0x0000000040080e14                start_cpu1_default
                0x0000000040080e14                start_cpu1
                0x0000000040080e90                call_start_cpu0
 *fill*         0x0000000040080fc2        0x2 
 .iram1         0x0000000040080fc4       0xb0 /Users/flo/Programming/workspace-eclipse/ESP32_Robot/build/esp32/libesp32.a(crosscore_int.o)
                                         0xc0 (size before relaxing)
                0x000000004008105c                esp_crosscore_int_send_yield
                0x0000000040081068                esp_crosscore_int_send_freq_switch
 .iram1         0x0000000040081074      0x1e3 /Users/flo/Programming/workspace-eclipse/ESP32_Robot/build/esp32/libesp32.a(dport_access.o)
                                        0x1ef (size before relaxing)
                0x0000000040081074                esp_dport_access_stall_other_cpu_start
                0x0000000040081124                esp_dport_access_stall_other_cpu_end
                0x00000000400811a0                esp_dport_access_stall_other_cpu_start_wrap
                0x00000000400811a8                esp_dport_access_stall_other_cpu_end_wrap
                0x00000000400811b0                esp_dport_access_int_pause
                0x00000000400811d4                esp_dport_access_int_abort
                0x00000000400811e8                esp_dport_access_int_resume
                0x000000004008120c                esp_dport_access_reg_read
                0x0000000040081224                esp_dport_access_sequence_reg_read
                0x0000000040081230                esp_dport_access_read_buffer
 *fill*         0x0000000040081257        0x1 
 .iram1         0x0000000040081258      0x205 /Users/flo/Programming/workspace-eclipse/ESP32_Robot/build/esp32/libesp32.a(esp_timer.o)
                                        0x219 (size before relaxing)
                0x0000000040081374                esp_timer_stop
                0x0000000040081398                esp_timer_get_next_alarm
                0x00000000400813b8                esp_timer_get_time
                0x00000000400813c8                esp_timer_start_once
                0x000000004008140c                esp_timer_start_periodic
 *fill*         0x000000004008145d        0x3 
 .iram1         0x0000000040081460      0x56b /Users/flo/Programming/workspace-eclipse/ESP32_Robot/build/esp32/libesp32.a(esp_timer_esp32.o)
                                        0x57b (size before relaxing)
                0x0000000040081584                esp_timer_impl_get_time
                0x00000000400816f4                esp_timer_impl_set_alarm
                0x00000000400818fc                esp_timer_impl_update_apb_freq
                0x00000000400819c0                esp_timer_impl_get_min_period_us
 *fill*         0x00000000400819cb        0x1 
 .iram1         0x00000000400819cc       0x53 /Users/flo/Programming/workspace-eclipse/ESP32_Robot/build/esp32/libesp32.a(int_wdt.o)
 *fill*         0x0000000040081a1f        0x1 
 .iram1         0x0000000040081a20      0x2b6 /Users/flo/Programming/workspace-eclipse/ESP32_Robot/build/esp32/libesp32.a(intr_alloc.o)
                                        0x2ce (size before relaxing)
                0x0000000040081a5c                esp_intr_set_in_iram
                0x0000000040081ae4                esp_intr_enable
                0x0000000040081b6c                esp_intr_disable
                0x0000000040081c34                esp_intr_noniram_disable
                0x0000000040081c80                esp_intr_noniram_enable
                0x0000000040081cc0                ets_isr_unmask
                0x0000000040081ccc                ets_isr_mask
 *fill*         0x0000000040081cd6        0x2 
 .iram1         0x0000000040081cd8       0x7f /Users/flo/Programming/workspace-eclipse/ESP32_Robot/build/esp32/libesp32.a(ipc.o)
                                         0x8b (size before relaxing)
 *fill*         0x0000000040081d57        0x1 
 .iram1         0x0000000040081d58      0x1e1 /Users/flo/Programming/workspace-eclipse/ESP32_Robot/build/esp32/libesp32.a(system_api.o)
                                        0x21c (size before relaxing)
                0x0000000040081dd0                esp_restart_noos
                0x0000000040081f18                esp_restart
                0x0000000040081f18                system_restart
 *fill*         0x0000000040081f39        0x3 
 .iram1         0x0000000040081f3c       0xda /Users/flo/Programming/workspace-eclipse/ESP32_Robot/build/esp32/libesp32.a(dport_panic_highint_hdl.o)
                0x0000000040081f3c                xt_highint4
                0x0000000040082016                ld_include_panic_highint_hdl
 *fill*         0x0000000040082016        0x2 
 .iram1         0x0000000040082018       0x2c /Users/flo/Programming/workspace-eclipse/ESP32_Robot/build/esp32/libesp32.a(cache_err_int.o)
                                         0x34 (size before relaxing)
                0x0000000040082018                esp_cache_err_get_cpuid
 .iram1         0x0000000040082044       0x37 /Users/flo/Programming/workspace-eclipse/ESP32_Robot/build/esp32/libesp32.a(clk.o)
                0x0000000040082044                esp_clk_cpu_freq
                0x0000000040082054                esp_clk_apb_freq
                0x000000004008206c                ets_update_cpu_frequency
 *fill*         0x000000004008207b        0x1 
 .iram1         0x000000004008207c       0x27 /Users/flo/Programming/workspace-eclipse/ESP32_Robot/build/esp32/libesp32.a(freertos_hooks.o)
                0x000000004008207c                esp_vApplicationTickHook
 *fill*         0x00000000400820a3        0x1 
 .iram1         0x00000000400820a4       0x1a /Users/flo/Programming/workspace-eclipse/ESP32_Robot/build/freertos/libfreertos.a(port.o)
                0x00000000400820a4                xPortInterruptedFromISRContext
 *fill*         0x00000000400820be        0x2 
 .iram1         0x00000000400820c0      0x4b4 /Users/flo/Programming/workspace-eclipse/ESP32_Robot/build/freertos/libfreertos.a(xtensa_vectors.o)
                0x00000000400820c0                _xt_panic
                0x00000000400821d8                _xt_user_exit
                0x00000000400824c4                _xt_medint2_exit
                0x0000000040082560                _xt_medint3_exit
 .iram1         0x0000000040082574      0x3dd /Users/flo/Programming/workspace-eclipse/ESP32_Robot/build/heap/libheap.a(heap_caps.o)
                                        0x3f5 (size before relaxing)
                0x0000000040082604                heap_caps_malloc
                0x00000000400826a0                heap_caps_malloc_default
                0x00000000400826e4                heap_caps_malloc_prefer
                0x000000004008273c                heap_caps_free
                0x0000000040082774                heap_caps_realloc
                0x0000000040082820                heap_caps_realloc_default
                0x0000000040082878                heap_caps_realloc_prefer
                0x00000000400828dc                heap_caps_calloc
                0x00000000400828fc                heap_caps_calloc_prefer
 *fill*         0x0000000040082951        0x3 
 .iram1         0x0000000040082954      0x18a /Users/flo/Programming/workspace-eclipse/ESP32_Robot/build/log/liblog.a(log.o)
                                        0x19a (size before relaxing)
                0x0000000040082954                esp_log_write
                0x0000000040082a84                esp_log_early_timestamp
                0x0000000040082aa0                esp_log_timestamp
 *fill*         0x0000000040082ade        0x2 
 .iram1         0x0000000040082ae0      0x1cc /Users/flo/Programming/workspace-eclipse/ESP32_Robot/build/newlib/libnewlib.a(locks.o)
                                        0x210 (size before relaxing)
                0x0000000040082bf8                _lock_init
                0x0000000040082c08                _lock_init_recursive
                0x0000000040082c18                _lock_close
                0x0000000040082c54                _lock_acquire
                0x0000000040082c64                _lock_acquire_recursive
                0x0000000040082c74                _lock_try_acquire
                0x0000000040082c84                _lock_try_acquire_recursive
                0x0000000040082c94                _lock_release
                0x0000000040082ca0                _lock_release_recursive
 .iram1         0x0000000040082cac       0x3c /Users/flo/Programming/workspace-eclipse/ESP32_Robot/build/newlib/libnewlib.a(reent_init.o)
                0x0000000040082cac                esp_reent_init
 .iram1         0x0000000040082ce8       0x4a /Users/flo/Programming/workspace-eclipse/ESP32_Robot/build/newlib/libnewlib.a(syscalls.o)
                                         0x52 (size before relaxing)
                0x0000000040082ce8                _malloc_r
                0x0000000040082cf4                _free_r
                0x0000000040082d00                _realloc_r
                0x0000000040082d14                _calloc_r
 *fill*         0x0000000040082d32        0x2 
 .iram1         0x0000000040082d34       0x6c /Users/flo/Programming/workspace-eclipse/ESP32_Robot/build/newlib/libnewlib.a(time.o)
                                         0x74 (size before relaxing)
                0x0000000040082d34                _gettimeofday_r
                0x0000000040082d78                _times_r
 .iram1         0x0000000040082da0      0x11a /Users/flo/Programming/workspace-eclipse/ESP32_Robot/build/soc/libsoc.a(cpu_util.o)
                0x0000000040082da0                esp_cpu_stall
                0x0000000040082e34                esp_cpu_unstall
                0x0000000040082e88                esp_cpu_reset
                0x0000000040082eac                esp_cpu_in_ocd_debug_mode
 *fill*         0x0000000040082eba        0x2 
 .iram1         0x0000000040082ebc      0x2e0 /Users/flo/Programming/workspace-eclipse/ESP32_Robot/build/spi_flash/libspi_flash.a(cache_utils.o)
                                        0x320 (size before relaxing)
                0x0000000040082f20                spi_flash_op_block_func
                0x0000000040082fcc                spi_flash_disable_interrupts_caches_and_other_cpu
                0x0000000040083098                spi_flash_enable_interrupts_caches_and_other_cpu
                0x0000000040083130                spi_flash_disable_interrupts_caches_and_other_cpu_no_os
                0x000000004008315c                spi_flash_enable_interrupts_caches_no_os
                0x0000000040083178                spi_flash_cache_enabled
 .iram1         0x000000004008319c      0x722 /Users/flo/Programming/workspace-eclipse/ESP32_Robot/build/spi_flash/libspi_flash.a(flash_ops.o)
                                        0x74a (size before relaxing)
                0x000000004008320c                spi_flash_guard_set
                0x0000000040083218                spi_flash_guard_get
                0x0000000040083224                spi_flash_get_chip_size
                0x0000000040083230                spi_flash_erase_range
                0x00000000400832e8                spi_flash_erase_sector
                0x000000004008330c                spi_flash_write
                0x00000000400834d4                spi_flash_read
                0x000000004008376c                spi_flash_read_encrypted
                0x00000000400837b4                spi_flash_write_encrypted
 *fill*         0x00000000400838be        0x2 
 .iram1         0x00000000400838c0      0x49e /Users/flo/Programming/workspace-eclipse/ESP32_Robot/build/spi_flash/libspi_flash.a(flash_mmap.o)
                                        0x4ce (size before relaxing)
                0x00000000400839ec                spi_flash_mmap_pages
                0x0000000040083c00                spi_flash_mmap
                0x0000000040083c70                spi_flash_munmap
                0x0000000040083d14                spi_flash_mark_modified_region
 *fill*         0x0000000040083d5e        0x2 
 .iram1         0x0000000040083d60       0x20 /Users/flo/Programming/workspace-eclipse/ESP32_Robot/build/esp32/libesp32.a(dbg_stubs.o)
 *fill*         0x0000000040083d80        0x0 
 *fill*         0x0000000040083d80        0x0 
 *fill*         0x0000000040083d80        0x0 
 *fill*         0x0000000040083d80        0x0 
 *fill*         0x0000000040083d80        0x0 
 *fill*         0x0000000040083d80        0x0 
 *fill*         0x0000000040083d80        0x0 
 *fill*         0x0000000040083d80        0x0 
 *fill*         0x0000000040083d80        0x0 
 *fill*         0x0000000040083d80        0x0 
 .iram1         0x0000000040083d80       0x2e /Users/flo/Programming/workspace-eclipse/ESP32_Robot/build/freertos/libfreertos.a(xtensa_vector_defaults.o)
                0x0000000040083d80                xt_debugexception
                0x0000000040083da0                xt_highint5
                0x0000000040083da8                _xt_nmi
                0x0000000040083da8                xt_nmi
 *fill*         0x0000000040083dae        0x0 
 *fill*         0x0000000040083dae        0x0 
 *fill*         0x0000000040083dae        0x0 
 *fill*         0x0000000040083dae        0x0 
 *fill*         0x0000000040083dae        0x0 
 *fill*         0x0000000040083dae        0x0 
 *libfreertos.a:(.literal .text .literal.* .text.*)
 *fill*         0x0000000040083dae        0x2 
 .text.pxPortInitialiseStack
                0x0000000040083db0       0x86 /Users/flo/Programming/workspace-eclipse/ESP32_Robot/build/freertos/libfreertos.a(port.o)
                0x0000000040083db0                pxPortInitialiseStack
 *fill*         0x0000000040083e36        0x2 
 .text.xPortStartScheduler
                0x0000000040083e38       0x22 /Users/flo/Programming/workspace-eclipse/ESP32_Robot/build/freertos/libfreertos.a(port.o)
                                         0x2e (size before relaxing)
                0x0000000040083e38                xPortStartScheduler
 *fill*         0x0000000040083e5a        0x2 
 .text.xPortSysTickHandler
                0x0000000040083e5c       0x10 /Users/flo/Programming/workspace-eclipse/ESP32_Robot/build/freertos/libfreertos.a(port.o)
                                         0x16 (size before relaxing)
                0x0000000040083e5c                xPortSysTickHandler
 *fill*         0x0000000040083e6c        0x0 
 .text.vPortYieldOtherCore
                0x0000000040083e6c        0xa /Users/flo/Programming/workspace-eclipse/ESP32_Robot/build/freertos/libfreertos.a(port.o)
                                          0xe (size before relaxing)
                0x0000000040083e6c                vPortYieldOtherCore
 *fill*         0x0000000040083e76        0x2 
 .text.vPortReleaseTaskMPUSettings
                0x0000000040083e78        0xa /Users/flo/Programming/workspace-eclipse/ESP32_Robot/build/freertos/libfreertos.a(port.o)
                                          0xe (size before relaxing)
                0x0000000040083e78                vPortReleaseTaskMPUSettings
 *fill*         0x0000000040083e82        0x2 
 .text.xPortInIsrContext
                0x0000000040083e84       0x26 /Users/flo/Programming/workspace-eclipse/ESP32_Robot/build/freertos/libfreertos.a(port.o)
                0x0000000040083e84                xPortInIsrContext
 *fill*         0x0000000040083eaa        0x2 
 .text.vPortCPUInitializeMutex
                0x0000000040083eac        0xe /Users/flo/Programming/workspace-eclipse/ESP32_Robot/build/freertos/libfreertos.a(port.o)
                0x0000000040083eac                vPortCPUInitializeMutex
 *fill*         0x0000000040083eba        0x2 
 .text.vPortCPUAcquireMutex
                0x0000000040083ebc       0x81 /Users/flo/Programming/workspace-eclipse/ESP32_Robot/build/freertos/libfreertos.a(port.o)
                                         0x88 (size before relaxing)
                0x0000000040083ebc                vPortCPUAcquireMutex
 *fill*         0x0000000040083f3d        0x3 
 .text.vPortCPUReleaseMutex
                0x0000000040083f40       0x59 /Users/flo/Programming/workspace-eclipse/ESP32_Robot/build/freertos/libfreertos.a(port.o)
                                         0x61 (size before relaxing)
                0x0000000040083f40                vPortCPUReleaseMutex
 *fill*         0x0000000040083f99        0x3 
 .text.prvIsQueueFull
                0x0000000040083f9c       0x2a /Users/flo/Programming/workspace-eclipse/ESP32_Robot/build/freertos/libfreertos.a(queue.o)
 *fill*         0x0000000040083fc6        0x2 
 .text.prvCopyDataToQueue
                0x0000000040083fc8       0x9e /Users/flo/Programming/workspace-eclipse/ESP32_Robot/build/freertos/libfreertos.a(queue.o)
 *fill*         0x0000000040084066        0x2 
 .text.prvNotifyQueueSetContainer
                0x0000000040084068       0x6a /Users/flo/Programming/workspace-eclipse/ESP32_Robot/build/freertos/libfreertos.a(queue.o)
                                         0x76 (size before relaxing)
 *fill*         0x00000000400840d2        0x2 
 .text.prvCopyDataFromQueue
                0x00000000400840d4       0x24 /Users/flo/Programming/workspace-eclipse/ESP32_Robot/build/freertos/libfreertos.a(queue.o)
 .text.xQueueGenericReset
                0x00000000400840f8       0x86 /Users/flo/Programming/workspace-eclipse/ESP32_Robot/build/freertos/libfreertos.a(queue.o)
                                         0x96 (size before relaxing)
                0x00000000400840f8                xQueueGenericReset
 *fill*         0x000000004008417e        0x2 
 .text.prvInitialiseNewQueue
                0x0000000040084180       0x1f /Users/flo/Programming/workspace-eclipse/ESP32_Robot/build/freertos/libfreertos.a(queue.o)
                                         0x23 (size before relaxing)
 *fill*         0x000000004008419f        0x1 
 .text.xQueueGenericCreate
                0x00000000400841a0       0x49 /Users/flo/Programming/workspace-eclipse/ESP32_Robot/build/freertos/libfreertos.a(queue.o)
                                         0x4d (size before relaxing)
                0x00000000400841a0                xQueueGenericCreate
 *fill*         0x00000000400841e9        0x3 
 .text.xQueueGetMutexHolder
                0x00000000400841ec       0x23 /Users/flo/Programming/workspace-eclipse/ESP32_Robot/build/freertos/libfreertos.a(queue.o)
                0x00000000400841ec                xQueueGetMutexHolder
 *fill*         0x000000004008420f        0x1 
 .text.xQueueCreateCountingSemaphore
                0x0000000040084210       0x66 /Users/flo/Programming/workspace-eclipse/ESP32_Robot/build/freertos/libfreertos.a(queue.o)
                                         0x6a (size before relaxing)
                0x0000000040084210                xQueueCreateCountingSemaphore
 *fill*         0x0000000040084276        0x2 
 .text.xQueueGenericSend
                0x0000000040084278      0x158 /Users/flo/Programming/workspace-eclipse/ESP32_Robot/build/freertos/libfreertos.a(queue.o)
                                        0x18c (size before relaxing)
                0x0000000040084278                xQueueGenericSend
 .text.prvInitialiseMutex
                0x00000000400843d0       0x22 /Users/flo/Programming/workspace-eclipse/ESP32_Robot/build/freertos/libfreertos.a(queue.o)
                                         0x26 (size before relaxing)
 *fill*         0x00000000400843f2        0x2 
 .text.xQueueCreateMutex
                0x00000000400843f4       0x16 /Users/flo/Programming/workspace-eclipse/ESP32_Robot/build/freertos/libfreertos.a(queue.o)
                                         0x1a (size before relaxing)
                0x00000000400843f4                xQueueCreateMutex
 *fill*         0x000000004008440a        0x2 
 .text.xQueueGiveMutexRecursive
                0x000000004008440c       0x48 /Users/flo/Programming/workspace-eclipse/ESP32_Robot/build/freertos/libfreertos.a(queue.o)
                                         0x4c (size before relaxing)
                0x000000004008440c                xQueueGiveMutexRecursive
 .text.xQueueGenericSendFromISR
                0x0000000040084454       0xd6 /Users/flo/Programming/workspace-eclipse/ESP32_Robot/build/freertos/libfreertos.a(queue.o)
                                         0xe6 (size before relaxing)
                0x0000000040084454                xQueueGenericSendFromISR
 *fill*         0x000000004008452a        0x2 
 .text.xQueueGiveFromISR
                0x000000004008452c       0xb6 /Users/flo/Programming/workspace-eclipse/ESP32_Robot/build/freertos/libfreertos.a(queue.o)
                                         0xc2 (size before relaxing)
                0x000000004008452c                xQueueGiveFromISR
 *fill*         0x00000000400845e2        0x2 
 .text.xQueueGenericReceive
                0x00000000400845e4      0x144 /Users/flo/Programming/workspace-eclipse/ESP32_Robot/build/freertos/libfreertos.a(queue.o)
                                        0x178 (size before relaxing)
                0x00000000400845e4                xQueueGenericReceive
 .text.xQueueTakeMutexRecursive
                0x0000000040084728       0x51 /Users/flo/Programming/workspace-eclipse/ESP32_Robot/build/freertos/libfreertos.a(queue.o)
                0x0000000040084728                xQueueTakeMutexRecursive
 *fill*         0x0000000040084779        0x3 
 .text.xQueueReceiveFromISR
                0x000000004008477c       0x96 /Users/flo/Programming/workspace-eclipse/ESP32_Robot/build/freertos/libfreertos.a(queue.o)
                                         0xa6 (size before relaxing)
                0x000000004008477c                xQueueReceiveFromISR
 *fill*         0x0000000040084812        0x2 
 .text.vQueueDelete
                0x0000000040084814       0x28 /Users/flo/Programming/workspace-eclipse/ESP32_Robot/build/freertos/libfreertos.a(queue.o)
                0x0000000040084814                vQueueDelete
 .text.vQueueWaitForMessageRestricted
                0x000000004008483c       0x23 /Users/flo/Programming/workspace-eclipse/ESP32_Robot/build/freertos/libfreertos.a(queue.o)
                                         0x2a (size before relaxing)
                0x000000004008483c                vQueueWaitForMessageRestricted
 *fill*         0x000000004008485f        0x1 
 .text.prvResetNextTaskUnblockTime
                0x0000000040084860       0x34 /Users/flo/Programming/workspace-eclipse/ESP32_Robot/build/freertos/libfreertos.a(tasks.o)
 .text.prvDeleteTLS
                0x0000000040084894       0x40 /Users/flo/Programming/workspace-eclipse/ESP32_Robot/build/freertos/libfreertos.a(tasks.o)
 .text.prvInitialiseNewTask
                0x00000000400848d4       0xc4 /Users/flo/Programming/workspace-eclipse/ESP32_Robot/build/freertos/libfreertos.a(tasks.o)
                                         0xd0 (size before relaxing)
 .text.prvInitialiseTaskLists
                0x0000000040084998       0x5a /Users/flo/Programming/workspace-eclipse/ESP32_Robot/build/freertos/libfreertos.a(tasks.o)
                                         0x6e (size before relaxing)
 *fill*         0x00000000400849f2        0x2 
 .text.prvDeleteTCB
                0x00000000400849f4       0x56 /Users/flo/Programming/workspace-eclipse/ESP32_Robot/build/freertos/libfreertos.a(tasks.o)
                                         0x5d (size before relaxing)
 *fill*         0x0000000040084a4a        0x2 
 .text.prvAddCurrentTaskToDelayedList
                0x0000000040084a4c       0x66 /Users/flo/Programming/workspace-eclipse/ESP32_Robot/build/freertos/libfreertos.a(tasks.o)
                                         0x6a (size before relaxing)
 *fill*         0x0000000040084ab2        0x2 
 .text.taskYIELD_OTHER_CORE
                0x0000000040084ab4       0x53 /Users/flo/Programming/workspace-eclipse/ESP32_Robot/build/freertos/libfreertos.a(tasks.o)
                0x0000000040084ab4                taskYIELD_OTHER_CORE
 *fill*         0x0000000040084b07        0x1 
 .text.vTaskSuspendAll
                0x0000000040084b08       0x26 /Users/flo/Programming/workspace-eclipse/ESP32_Robot/build/freertos/libfreertos.a(tasks.o)
                0x0000000040084b08                vTaskSuspendAll
 *fill*         0x0000000040084b2e        0x2 
 .text.xTaskGetIdleTaskHandleForCPU
                0x0000000040084b30       0x2a /Users/flo/Programming/workspace-eclipse/ESP32_Robot/build/freertos/libfreertos.a(tasks.o)
                                         0x2e (size before relaxing)
                0x0000000040084b30                xTaskGetIdleTaskHandleForCPU
 *fill*         0x0000000040084b5a        0x2 
 .text.vTaskSwitchContext
                0x0000000040084b5c      0x27e /Users/flo/Programming/workspace-eclipse/ESP32_Robot/build/freertos/libfreertos.a(tasks.o)
                                        0x28a (size before relaxing)
                0x0000000040084b5c                vTaskSwitchContext
 *fill*         0x0000000040084dda        0x2 
 .text.vTaskSetTimeOutState
                0x0000000040084ddc       0x34 /Users/flo/Programming/workspace-eclipse/ESP32_Robot/build/freertos/libfreertos.a(tasks.o)
                0x0000000040084ddc                vTaskSetTimeOutState
 .text.xTaskGetCurrentTaskHandle
                0x0000000040084e10       0x1f /Users/flo/Programming/workspace-eclipse/ESP32_Robot/build/freertos/libfreertos.a(tasks.o)
                0x0000000040084e10                xTaskGetCurrentTaskHandle
 *fill*         0x0000000040084e2f        0x1 
 .text.__getreent
                0x0000000040084e30       0x19 /Users/flo/Programming/workspace-eclipse/ESP32_Robot/build/freertos/libfreertos.a(tasks.o)
                0x0000000040084e30                __getreent
 *fill*         0x0000000040084e49        0x3 
 .text.pcTaskGetTaskName
                0x0000000040084e4c       0x2a /Users/flo/Programming/workspace-eclipse/ESP32_Robot/build/freertos/libfreertos.a(tasks.o)
                                         0x2d (size before relaxing)
                0x0000000040084e4c                pcTaskGetTaskName
 *fill*         0x0000000040084e76        0x2 
 .text.xTaskGetAffinity
                0x0000000040084e78       0x10 /Users/flo/Programming/workspace-eclipse/ESP32_Robot/build/freertos/libfreertos.a(tasks.o)
                                         0x13 (size before relaxing)
                0x0000000040084e78                xTaskGetAffinity
 *fill*         0x0000000040084e88        0x0 
 .text.xTaskGetCurrentTaskHandleForCPU
                0x0000000040084e88       0x18 /Users/flo/Programming/workspace-eclipse/ESP32_Robot/build/freertos/libfreertos.a(tasks.o)
                0x0000000040084e88                xTaskGetCurrentTaskHandleForCPU
 .text.xTaskGetSchedulerState
                0x0000000040084ea0       0x37 /Users/flo/Programming/workspace-eclipse/ESP32_Robot/build/freertos/libfreertos.a(tasks.o)
                0x0000000040084ea0                xTaskGetSchedulerState
 *fill*         0x0000000040084ed7        0x1 
 .text.vTaskEnterCritical
                0x0000000040084ed8       0xac /Users/flo/Programming/workspace-eclipse/ESP32_Robot/build/freertos/libfreertos.a(tasks.o)
                                         0xb3 (size before relaxing)
                0x0000000040084ed8                vTaskEnterCritical
 *fill*         0x0000000040084f84        0x0 
 .text.vTaskExitCritical
                0x0000000040084f84       0x83 /Users/flo/Programming/workspace-eclipse/ESP32_Robot/build/freertos/libfreertos.a(tasks.o)
                                         0x8a (size before relaxing)
                0x0000000040084f84                vTaskExitCritical
 *fill*         0x0000000040085007        0x1 
 .text.prvAddNewTaskToReadyList
                0x0000000040085008      0x15c /Users/flo/Programming/workspace-eclipse/ESP32_Robot/build/freertos/libfreertos.a(tasks.o)
                                        0x173 (size before relaxing)
 *fill*         0x0000000040085164        0x0 
 .text.xTaskCreatePinnedToCore
                0x0000000040085164       0x6e /Users/flo/Programming/workspace-eclipse/ESP32_Robot/build/freertos/libfreertos.a(tasks.o)
                                         0x76 (size before relaxing)
                0x0000000040085164                xTaskCreatePinnedToCore
 *fill*         0x00000000400851d2        0x2 
 .text.vTaskStartScheduler
                0x00000000400851d4       0x67 /Users/flo/Programming/workspace-eclipse/ESP32_Robot/build/freertos/libfreertos.a(tasks.o)
                                         0x72 (size before relaxing)
                0x00000000400851d4                vTaskStartScheduler
 *fill*         0x000000004008523b        0x1 
 .text.vTaskDelete
                0x000000004008523c      0x10a /Users/flo/Programming/workspace-eclipse/ESP32_Robot/build/freertos/libfreertos.a(tasks.o)
                                        0x122 (size before relaxing)
                0x000000004008523c                vTaskDelete
 *fill*         0x0000000040085346        0x2 
 .text.vTaskDelay
                0x0000000040085348       0x70 /Users/flo/Programming/workspace-eclipse/ESP32_Robot/build/freertos/libfreertos.a(tasks.o)
                                         0x80 (size before relaxing)
                0x0000000040085348                vTaskDelay
 .text.prvCheckTasksWaitingTermination
                0x00000000400853b8       0xbe /Users/flo/Programming/workspace-eclipse/ESP32_Robot/build/freertos/libfreertos.a(tasks.o)
                                         0xc6 (size before relaxing)
 *fill*         0x0000000040085476        0x2 
 .text.prvIdleTask
                0x0000000040085478        0xf /Users/flo/Programming/workspace-eclipse/ESP32_Robot/build/freertos/libfreertos.a(tasks.o)
                                         0x18 (size before relaxing)
 *fill*         0x0000000040085487        0x1 
 .text.xTaskGetTickCount
                0x0000000040085488       0x1c /Users/flo/Programming/workspace-eclipse/ESP32_Robot/build/freertos/libfreertos.a(tasks.o)
                                         0x20 (size before relaxing)
                0x0000000040085488                xTaskGetTickCount
 .text.xTaskIncrementTick
                0x00000000400854a4      0x1b2 /Users/flo/Programming/workspace-eclipse/ESP32_Robot/build/freertos/libfreertos.a(tasks.o)
                                        0x1ce (size before relaxing)
                0x00000000400854a4                xTaskIncrementTick
 *fill*         0x0000000040085656        0x2 
 .text.xTaskResumeAll
                0x0000000040085658      0x173 /Users/flo/Programming/workspace-eclipse/ESP32_Robot/build/freertos/libfreertos.a(tasks.o)
                                        0x186 (size before relaxing)
                0x0000000040085658                xTaskResumeAll
 *fill*         0x00000000400857cb        0x1 
 .text.vTaskPlaceOnEventList
                0x00000000400857cc       0x83 /Users/flo/Programming/workspace-eclipse/ESP32_Robot/build/freertos/libfreertos.a(tasks.o)
                                         0x97 (size before relaxing)
                0x00000000400857cc                vTaskPlaceOnEventList
 *fill*         0x000000004008584f        0x1 
 .text.vTaskPlaceOnEventListRestricted
                0x0000000040085850       0x5b /Users/flo/Programming/workspace-eclipse/ESP32_Robot/build/freertos/libfreertos.a(tasks.o)
                                         0x6f (size before relaxing)
                0x0000000040085850                vTaskPlaceOnEventListRestricted
 *fill*         0x00000000400858ab        0x1 
 .text.xTaskRemoveFromEventList
                0x00000000400858ac      0x134 /Users/flo/Programming/workspace-eclipse/ESP32_Robot/build/freertos/libfreertos.a(tasks.o)
                                        0x143 (size before relaxing)
                0x00000000400858ac                xTaskRemoveFromEventList
 *fill*         0x00000000400859e0        0x0 
 .text.xTaskCheckForTimeOut
                0x00000000400859e0       0x8b /Users/flo/Programming/workspace-eclipse/ESP32_Robot/build/freertos/libfreertos.a(tasks.o)
                                         0x96 (size before relaxing)
                0x00000000400859e0                xTaskCheckForTimeOut
 *fill*         0x0000000040085a6b        0x1 
 .text.vTaskPriorityInherit
                0x0000000040085a6c       0xc4 /Users/flo/Programming/workspace-eclipse/ESP32_Robot/build/freertos/libfreertos.a(tasks.o)
                                         0xdb (size before relaxing)
                0x0000000040085a6c                vTaskPriorityInherit
 *fill*         0x0000000040085b30        0x0 
 .text.xTaskPriorityDisinherit
                0x0000000040085b30       0x97 /Users/flo/Programming/workspace-eclipse/ESP32_Robot/build/freertos/libfreertos.a(tasks.o)
                                         0xaa (size before relaxing)
                0x0000000040085b30                xTaskPriorityDisinherit
 *fill*         0x0000000040085bc7        0x1 
 .text.pvTaskIncrementMutexHeldCount
                0x0000000040085bc8       0x50 /Users/flo/Programming/workspace-eclipse/ESP32_Robot/build/freertos/libfreertos.a(tasks.o)
                                         0x54 (size before relaxing)
                0x0000000040085bc8                pvTaskIncrementMutexHeldCount
 .text.prvGetNextExpireTime
                0x0000000040085c18       0x20 /Users/flo/Programming/workspace-eclipse/ESP32_Robot/build/freertos/libfreertos.a(timers.o)
 .text.prvInsertTimerInActiveList
                0x0000000040085c38       0x50 /Users/flo/Programming/workspace-eclipse/ESP32_Robot/build/freertos/libfreertos.a(timers.o)
                                         0x54 (size before relaxing)
 .text.prvCheckForValidListAndQueue
                0x0000000040085c88       0x66 /Users/flo/Programming/workspace-eclipse/ESP32_Robot/build/freertos/libfreertos.a(timers.o)
                                         0x7e (size before relaxing)
 *fill*         0x0000000040085cee        0x2 
 .text.xTimerCreateTimerTask
                0x0000000040085cf0       0x48 /Users/flo/Programming/workspace-eclipse/ESP32_Robot/build/freertos/libfreertos.a(timers.o)
                                         0x4c (size before relaxing)
                0x0000000040085cf0                xTimerCreateTimerTask
 .text.xTimerGenericCommand
                0x0000000040085d38       0x55 /Users/flo/Programming/workspace-eclipse/ESP32_Robot/build/freertos/libfreertos.a(timers.o)
                                         0x5d (size before relaxing)
                0x0000000040085d38                xTimerGenericCommand
 *fill*         0x0000000040085d8d        0x3 
 .text.prvSwitchTimerLists
                0x0000000040085d90       0x76 /Users/flo/Programming/workspace-eclipse/ESP32_Robot/build/freertos/libfreertos.a(timers.o)
                                         0x82 (size before relaxing)
 *fill*         0x0000000040085e06        0x2 
 .text.prvSampleTimeNow
                0x0000000040085e08       0x2b /Users/flo/Programming/workspace-eclipse/ESP32_Robot/build/freertos/libfreertos.a(timers.o)
                                         0x2f (size before relaxing)
 *fill*         0x0000000040085e33        0x1 
 .text.prvProcessExpiredTimer
                0x0000000040085e34       0x53 /Users/flo/Programming/workspace-eclipse/ESP32_Robot/build/freertos/libfreertos.a(timers.o)
                                         0x5f (size before relaxing)
 *fill*         0x0000000040085e87        0x1 
 .text.prvProcessTimerOrBlockTask
                0x0000000040085e88       0x58 /Users/flo/Programming/workspace-eclipse/ESP32_Robot/build/freertos/libfreertos.a(timers.o)
                                         0x6c (size before relaxing)
 .text.prvProcessReceivedCommands
                0x0000000040085ee0       0xd6 /Users/flo/Programming/workspace-eclipse/ESP32_Robot/build/freertos/libfreertos.a(timers.o)
                                         0xe6 (size before relaxing)
 *fill*         0x0000000040085fb6        0x2 
 .text.prvTimerTask
                0x0000000040085fb8       0x15 /Users/flo/Programming/workspace-eclipse/ESP32_Robot/build/freertos/libfreertos.a(timers.o)
                                         0x1d (size before relaxing)
 *fill*         0x0000000040085fcd        0x3 
 .text._xt_tick_divisor_init
                0x0000000040085fd0       0x1c /Users/flo/Programming/workspace-eclipse/ESP32_Robot/build/freertos/libfreertos.a(xtensa_init.o)
                                         0x1f (size before relaxing)
                0x0000000040085fd0                _xt_tick_divisor_init
 *fill*         0x0000000040085fec        0x0 
 .text.xt_unhandled_interrupt
                0x0000000040085fec       0x16 /Users/flo/Programming/workspace-eclipse/ESP32_Robot/build/freertos/libfreertos.a(xtensa_intr.o)
                0x0000000040085fec                xt_unhandled_interrupt
 *fill*         0x0000000040086002        0x2 
 .text.xt_set_interrupt_handler
                0x0000000040086004       0x46 /Users/flo/Programming/workspace-eclipse/ESP32_Robot/build/freertos/libfreertos.a(xtensa_intr.o)
                0x0000000040086004                xt_set_interrupt_handler
 *fill*         0x000000004008604a        0x2 
 .text          0x000000004008604c      0x1d0 /Users/flo/Programming/workspace-eclipse/ESP32_Robot/build/freertos/libfreertos.a(portasm.o)
                0x000000004008604c                _frxt_setup_switch
                0x0000000040086064                _frxt_int_enter
                0x00000000400860ac                _frxt_int_exit
                0x00000000400860fc                _frxt_timer_int
                0x0000000040086124                _frxt_tick_timer_init
                0x000000004008613c                _frxt_dispatch
                0x0000000040086184                vPortYield
                0x00000000400861d0                vPortYieldFromInt
                0x00000000400861f0                _frxt_task_coproc_state
 .text          0x000000004008621c      0x12b /Users/flo/Programming/workspace-eclipse/ESP32_Robot/build/freertos/libfreertos.a(xtensa_context.o)
                0x000000004008621c                _xt_context_save
                0x0000000040086284                _xt_context_restore
                0x00000000400862c8                _xt_coproc_init
                0x00000000400862dc                _xt_coproc_release
                0x0000000040086308                _xt_coproc_savecs
                0x0000000040086328                _xt_coproc_restorecs
 *fill*         0x0000000040086347        0x0 
 *fill*         0x0000000040086347        0x0 
 *fill*         0x0000000040086347        0x0 
 *fill*         0x0000000040086347        0x0 
 *fill*         0x0000000040086347        0x1 
 .text.vPortStoreTaskMPUSettings
                0x0000000040086348       0x13 /Users/flo/Programming/workspace-eclipse/ESP32_Robot/build/freertos/libfreertos.a(port.o)
                0x0000000040086348                vPortStoreTaskMPUSettings
 *fill*         0x000000004008635b        0x0 
 *fill*         0x000000004008635b        0x0 
 *fill*         0x000000004008635b        0x0 
 *fill*         0x000000004008635b        0x0 
 *fill*         0x000000004008635b        0x1 
 .text.prvIsQueueEmpty
                0x000000004008635c       0x12 /Users/flo/Programming/workspace-eclipse/ESP32_Robot/build/freertos/libfreertos.a(queue.o)
 *fill*         0x000000004008636e        0x0 
 *fill*         0x000000004008636e        0x0 
 *fill*         0x000000004008636e        0x0 
 *fill*         0x000000004008636e        0x0 
 *fill*         0x000000004008636e        0x0 
 *fill*         0x000000004008636e        0x0 
 *fill*         0x000000004008636e        0x0 
 *fill*         0x000000004008636e        0x0 
 *fill*         0x000000004008636e        0x0 
 *fill*         0x000000004008636e        0x0 
 *fill*         0x000000004008636e        0x0 
 *fill*         0x000000004008636e        0x0 
 *fill*         0x000000004008636e        0x0 
 *fill*         0x000000004008636e        0x0 
 *fill*         0x000000004008636e        0x0 
 *fill*         0x000000004008636e        0x0 
 *fill*         0x000000004008636e        0x0 
 *fill*         0x000000004008636e        0x0 
 *fill*         0x000000004008636e        0x0 
 *fill*         0x000000004008636e        0x0 
 *fill*         0x000000004008636e        0x0 
 *fill*         0x000000004008636e        0x0 
 *fill*         0x000000004008636e        0x0 
 *fill*         0x000000004008636e        0x0 
 *fill*         0x000000004008636e        0x0 
 *fill*         0x000000004008636e        0x0 
 *fill*         0x000000004008636e        0x0 
 *fill*         0x000000004008636e        0x0 
 *fill*         0x000000004008636e        0x0 
 *fill*         0x000000004008636e        0x0 
 *fill*         0x000000004008636e        0x0 
 *fill*         0x000000004008636e        0x0 
 *fill*         0x000000004008636e        0x0 
 *fill*         0x000000004008636e        0x0 
 *fill*         0x000000004008636e        0x0 
 *fill*         0x000000004008636e        0x0 
 *fill*         0x000000004008636e        0x0 
 *fill*         0x000000004008636e        0x0 
 *fill*         0x000000004008636e        0x0 
 *fill*         0x000000004008636e        0x0 
 *fill*         0x000000004008636e        0x0 
 *fill*         0x000000004008636e        0x0 
 *fill*         0x000000004008636e        0x0 
 *fill*         0x000000004008636e        0x0 
 *fill*         0x000000004008636e        0x0 
 *fill*         0x000000004008636e        0x0 
 *fill*         0x000000004008636e        0x0 
 *fill*         0x000000004008636e        0x0 
 *fill*         0x000000004008636e        0x0 
 *fill*         0x000000004008636e        0x0 
 *fill*         0x000000004008636e        0x0 
 *fill*         0x000000004008636e        0x0 
 *fill*         0x000000004008636e        0x0 
 *fill*         0x000000004008636e        0x2 
 .text          0x0000000040086370       0x33 /Users/flo/Programming/workspace-eclipse/ESP32_Robot/build/freertos/libfreertos.a(xtensa_intr_asm.o)
                0x0000000040086370                xt_ints_on
                0x0000000040086388                xt_ints_off
 *fill*         0x00000000400863a3        0x1 
 .text.vListInitialise
                0x00000000400863a4       0x15 /Users/flo/Programming/workspace-eclipse/ESP32_Robot/build/freertos/libfreertos.a(list.o)
                0x00000000400863a4                vListInitialise
 *fill*         0x00000000400863b9        0x3 
 .text.vListInitialiseItem
                0x00000000400863bc        0x9 /Users/flo/Programming/workspace-eclipse/ESP32_Robot/build/freertos/libfreertos.a(list.o)
                0x00000000400863bc                vListInitialiseItem
 *fill*         0x00000000400863c5        0x3 
 .text.vListInsertEnd
                0x00000000400863c8       0x1b /Users/flo/Programming/workspace-eclipse/ESP32_Robot/build/freertos/libfreertos.a(list.o)
                0x00000000400863c8                vListInsertEnd
 *fill*         0x00000000400863e3        0x1 
 .text.vListInsert
                0x00000000400863e4       0x2f /Users/flo/Programming/workspace-eclipse/ESP32_Robot/build/freertos/libfreertos.a(list.o)
                0x00000000400863e4                vListInsert
 *fill*         0x0000000040086413        0x1 
 .text.uxListRemove
                0x0000000040086414       0x26 /Users/flo/Programming/workspace-eclipse/ESP32_Robot/build/freertos/libfreertos.a(list.o)
                0x0000000040086414                uxListRemove
 *libheap.a:multi_heap.o(.literal .text .literal.* .text.*)
 *fill*         0x000000004008643a        0x2 
 .text.get_prev_free_block
                0x000000004008643c       0x68 /Users/flo/Programming/workspace-eclipse/ESP32_Robot/build/heap/libheap.a(multi_heap.o)
                                         0x77 (size before relaxing)
 *fill*         0x00000000400864a4        0x0 
 .text.split_if_necessary
                0x00000000400864a4      0x138 /Users/flo/Programming/workspace-eclipse/ESP32_Robot/build/heap/libheap.a(multi_heap.o)
                                        0x148 (size before relaxing)